../Core/Src/main.c:157:5:main	40	static,ignoring_inline_asm
../Core/Src/main.c:307:6:SystemClock_Config	120	static
../Core/Src/main.c:367:6:PeriphCommonClock_Config	4	static
../Core/Src/main.c:375:13:MX_ADC1_Init	48	static
../Core/Src/main.c:440:13:MX_ADC2_Init	40	static
../Core/Src/main.c:497:13:MX_ADC3_Init	40	static
../Core/Src/main.c:553:13:MX_CRC_Init	8	static
../Core/Src/main.c:582:13:MX_ETH_Init	8	static
../Core/Src/main.c:630:13:MX_FDCAN1_Init	8	static
../Core/Src/main.c:681:13:MX_FDCAN2_Init	8	static
../Core/Src/main.c:732:13:MX_LTDC_Init	64	static
../Core/Src/main.c:805:13:MX_QUADSPI_Init	8	static
../Core/Src/main.c:850:13:MX_RTC_Init	8	static
../Core/Src/main.c:884:13:MX_SAI2_Init	8	static
../Core/Src/main.c:964:13:MX_SDMMC1_MMC_Init	8	static
../Core/Src/main.c:993:13:MX_SPI2_Init	8	static
../Core/Src/main.c:1041:13:MX_USART2_UART_Init	8	static
../Core/Src/main.c:1086:13:MX_USART3_UART_Init	8	static
../Core/Src/main.c:1131:13:MX_USB_OTG_FS_PCD_Init	8	static
../Core/Src/main.c:1161:13:MX_FMC_Init	40	static
../Core/Src/main.c:1210:13:MX_GPIO_Init	72	static
../Core/Src/main.c:1341:13:MPU_Config	24	static
../Core/Src/main.c:1465:6:HAL_LTDC_LineEventCallback	16	static
../Core/Src/main.c:1470:6:vApplicationStackOverflowHook	16	static,ignoring_inline_asm
../Core/Src/main.c:1487:6:StartDefaultTask	16	static
../Core/Src/main.c:1503:6:StartLoraTask	24	static
../Core/Src/main.c:1528:6:HAL_TIM_PeriodElapsedCallback	16	static
../Core/Src/main.c:1544:6:Error_Handler	4	static,ignoring_inline_asm
