../Core/Src/main.c:151:5:main	8	static
../Core/Src/main.c:259:6:SystemClock_Config	120	static
../Core/Src/main.c:319:6:PeriphCommonClock_Config	200	static
../Core/Src/main.c:344:13:MX_ADC1_Init	48	static
../Core/Src/main.c:409:13:MX_ADC2_Init	40	static
../Core/Src/main.c:466:13:MX_ADC3_Init	40	static
../Core/Src/main.c:522:13:MX_CRC_Init	8	static
../Core/Src/main.c:551:13:MX_ETH_Init	8	static
../Core/Src/main.c:599:13:MX_FDCAN1_Init	8	static
../Core/Src/main.c:650:13:MX_FDCAN2_Init	8	static
../Core/Src/main.c:701:13:MX_LTDC_Init	64	static
../Core/Src/main.c:762:13:MX_QUADSPI_Init	16	static
../Core/Src/main.c:807:13:MX_RTC_Init	8	static
../Core/Src/main.c:841:13:MX_SAI2_Init	8	static
../Core/Src/main.c:921:13:MX_SDMMC1_MMC_Init	8	static
../Core/Src/main.c:950:13:MX_SPI2_Init	8	static
../Core/Src/main.c:998:13:MX_USART2_UART_Init	8	static
../Core/Src/main.c:1043:13:MX_USART3_UART_Init	8	static
../Core/Src/main.c:1088:13:MX_USB_OTG_FS_PCD_Init	8	static
../Core/Src/main.c:1118:13:MX_FMC_Init	40	static
../Core/Src/main.c:1167:13:MX_GPIO_Init	72	static
../Core/Src/main.c:1298:13:MPU_Config	24	static
../Core/Src/main.c:1431:6:StartDefaultTask	16	static
../Core/Src/main.c:1447:6:StartLoraTask	24	static
../Core/Src/main.c:1468:6:Error_Handler	4	static,ignoring_inline_asm
