../Core/Src/stm32h7xx_hal_msp.c:63:6:HAL_MspInit	16	static
../Core/Src/stm32h7xx_hal_msp.c:89:6:HAL_ADC_MspInit	72	static
../Core/Src/stm32h7xx_hal_msp.c:191:6:HAL_ADC_MspDeInit	16	static
../Core/Src/stm32h7xx_hal_msp.c:262:6:HAL_CRC_MspInit	24	static
../Core/Src/stm32h7xx_hal_msp.c:285:6:HAL_CRC_MspDeInit	16	static
../Core/Src/stm32h7xx_hal_msp.c:307:6:HAL_ETH_MspInit	80	static
../Core/Src/stm32h7xx_hal_msp.c:423:6:HAL_ETH_MspDeInit	16	static
../Core/Src/stm32h7xx_hal_msp.c:484:6:HAL_FDCAN_MspInit	248	static
../Core/Src/stm32h7xx_hal_msp.c:571:6:HAL_FDCAN_MspDeInit	16	static
../Core/Src/stm32h7xx_hal_msp.c:624:6:HAL_LTDC_MspInit	256	static
../Core/Src/stm32h7xx_hal_msp.c:734:6:HAL_LTDC_MspDeInit	16	static
../Core/Src/stm32h7xx_hal_msp.c:800:6:HAL_QSPI_MspInit	248	static
../Core/Src/stm32h7xx_hal_msp.c:875:6:HAL_QSPI_MspDeInit	16	static
../Core/Src/stm32h7xx_hal_msp.c:912:6:HAL_RTC_MspInit	208	static
../Core/Src/stm32h7xx_hal_msp.c:946:6:HAL_RTC_MspDeInit	16	static
../Core/Src/stm32h7xx_hal_msp.c:968:6:HAL_MMC_MspInit	248	static
../Core/Src/stm32h7xx_hal_msp.c:1041:6:HAL_MMC_MspDeInit	16	static
../Core/Src/stm32h7xx_hal_msp.c:1083:6:HAL_SPI_MspInit	248	static
../Core/Src/stm32h7xx_hal_msp.c:1156:6:HAL_SPI_MspDeInit	16	static
../Core/Src/stm32h7xx_hal_msp.c:1191:6:HAL_UART_MspInit	248	static
../Core/Src/stm32h7xx_hal_msp.c:1272:6:HAL_UART_MspDeInit	16	static
../Core/Src/stm32h7xx_hal_msp.c:1319:6:HAL_PCD_MspInit	240	static
../Core/Src/stm32h7xx_hal_msp.c:1376:6:HAL_PCD_MspDeInit	16	static
../Core/Src/stm32h7xx_hal_msp.c:1402:13:HAL_FMC_MspInit	232	static
../Core/Src/stm32h7xx_hal_msp.c:1511:6:HAL_SDRAM_MspInit	16	static
../Core/Src/stm32h7xx_hal_msp.c:1523:13:HAL_FMC_MspDeInit	8	static
../Core/Src/stm32h7xx_hal_msp.c:1595:6:HAL_SDRAM_MspDeInit	16	static
../Core/Src/stm32h7xx_hal_msp.c:1607:6:HAL_SAI_MspInit	240	static
../Core/Src/stm32h7xx_hal_msp.c:1678:6:HAL_SAI_MspDeInit	16	static
