../Core/Src/stm32h7xx_hal_msp.c:63:6:HAL_MspInit	16	static
../Core/Src/stm32h7xx_hal_msp.c:88:6:HAL_ADC_MspInit	72	static
../Core/Src/stm32h7xx_hal_msp.c:190:6:HAL_ADC_MspDeInit	16	static
../Core/Src/stm32h7xx_hal_msp.c:255:6:HAL_CRC_MspInit	24	static
../Core/Src/stm32h7xx_hal_msp.c:276:6:HAL_CRC_MspDeInit	16	static
../Core/Src/stm32h7xx_hal_msp.c:296:6:HAL_ETH_MspInit	80	static
../Core/Src/stm32h7xx_hal_msp.c:410:6:HAL_ETH_MspDeInit	16	static
../Core/Src/stm32h7xx_hal_msp.c:470:6:HAL_FDCAN_MspInit	248	static
../Core/Src/stm32h7xx_hal_msp.c:551:6:HAL_FDCAN_MspDeInit	16	static
../Core/Src/stm32h7xx_hal_msp.c:600:6:HAL_LTDC_MspInit	256	static
../Core/Src/stm32h7xx_hal_msp.c:707:6:HAL_LTDC_MspDeInit	16	static
../Core/Src/stm32h7xx_hal_msp.c:774:6:HAL_QSPI_MspInit	248	static
../Core/Src/stm32h7xx_hal_msp.c:846:6:HAL_QSPI_MspDeInit	16	static
../Core/Src/stm32h7xx_hal_msp.c:882:6:HAL_RTC_MspInit	208	static
../Core/Src/stm32h7xx_hal_msp.c:913:6:HAL_RTC_MspDeInit	16	static
../Core/Src/stm32h7xx_hal_msp.c:933:6:HAL_MMC_MspInit	248	static
../Core/Src/stm32h7xx_hal_msp.c:1003:6:HAL_MMC_MspDeInit	16	static
../Core/Src/stm32h7xx_hal_msp.c:1044:6:HAL_SPI_MspInit	248	static
../Core/Src/stm32h7xx_hal_msp.c:1114:6:HAL_SPI_MspDeInit	16	static
../Core/Src/stm32h7xx_hal_msp.c:1147:6:HAL_UART_MspInit	248	static
../Core/Src/stm32h7xx_hal_msp.c:1224:6:HAL_UART_MspDeInit	16	static
../Core/Src/stm32h7xx_hal_msp.c:1267:6:HAL_PCD_MspInit	240	static
../Core/Src/stm32h7xx_hal_msp.c:1321:6:HAL_PCD_MspDeInit	16	static
../Core/Src/stm32h7xx_hal_msp.c:1346:13:HAL_FMC_MspInit	232	static
../Core/Src/stm32h7xx_hal_msp.c:1454:6:HAL_SDRAM_MspInit	16	static
../Core/Src/stm32h7xx_hal_msp.c:1466:13:HAL_FMC_MspDeInit	8	static
../Core/Src/stm32h7xx_hal_msp.c:1542:6:HAL_SDRAM_MspDeInit	16	static
../Core/Src/stm32h7xx_hal_msp.c:1554:6:HAL_SAI_MspInit	240	static
../Core/Src/stm32h7xx_hal_msp.c:1618:6:HAL_SAI_MspDeInit	16	static
