2026-02-12 16:39:16,357 [INFO] Activator:176 - 


2026-02-12 16:39:16,385 [INFO] Activator:177 - !SESSION log4j initialized
2026-02-12 16:39:24,233 [INFO] LogOutputStream:77 - [STDOUT_REDIRECT] 
2026-02-12 16:42:35,619 [ERROR] LogOutputStream:75 - [STDERR_REDIRECT] Managed Build system manifest file error: Option com.arm.toolchain.v6.base.options.debug.level.1499740772 uses a null category that is invalid in its context. The option was ignored.
2026-02-12 16:42:35,627 [ERROR] LogOutputStream:75 - [STDERR_REDIRECT] Managed Build system manifest file error: Option com.arm.toolchain.v6.base.options.target.cpu_fpu.1353770567 uses a null category that is invalid in its context. The option was ignored.
2026-02-12 16:42:35,635 [ERROR] LogOutputStream:75 - [STDERR_REDIRECT] Managed Build system manifest file error: Option com.arm.toolchain.v6.base.options.floatabi.1576425190 uses a null category that is invalid in its context. The option was ignored.
2026-02-12 16:42:35,641 [ERROR] LogOutputStream:75 - [STDERR_REDIRECT] Managed Build system manifest file error: Option com.arm.toolchain.v6.base.options.inst.1967567497 uses a null category that is invalid in its context. The option was ignored.
2026-02-12 16:42:35,648 [ERROR] LogOutputStream:75 - [STDERR_REDIRECT] Managed Build system manifest file error: Option com.arm.toolchain.v6.base.options.endian.245086353 uses a null category that is invalid in its context. The option was ignored.
2026-02-12 16:42:35,708 [ERROR] LogOutputStream:75 - [STDERR_REDIRECT] Managed Build system manifest file error: Option com.arm.toolchain.ac5.option.target.cpu_fpu.1203405248 uses a null category that is invalid in its context. The option was ignored.
2026-02-12 16:42:35,715 [ERROR] LogOutputStream:75 - [STDERR_REDIRECT] Managed Build system manifest file error: Option com.arm.toolchain.ac5.option.endian.1245571568 uses a null category that is invalid in its context. The option was ignored.
2026-02-12 16:42:37,551 [ERROR] LogOutputStream:75 - [STDERR_REDIRECT] Managed Build system manifest file error: Option com.arm.toolchain.v6.base.options.debug.level.1499740772 uses a null category that is invalid in its context. The option was ignored.
2026-02-12 16:42:37,561 [ERROR] LogOutputStream:75 - [STDERR_REDIRECT] Managed Build system manifest file error: Option com.arm.toolchain.v6.base.options.target.cpu_fpu.1353770567 uses a null category that is invalid in its context. The option was ignored.
2026-02-12 16:42:37,569 [ERROR] LogOutputStream:75 - [STDERR_REDIRECT] Managed Build system manifest file error: Option com.arm.toolchain.v6.base.options.floatabi.1576425190 uses a null category that is invalid in its context. The option was ignored.
2026-02-12 16:42:37,579 [ERROR] LogOutputStream:75 - [STDERR_REDIRECT] Managed Build system manifest file error: Option com.arm.toolchain.v6.base.options.inst.1967567497 uses a null category that is invalid in its context. The option was ignored.
2026-02-12 16:42:37,588 [ERROR] LogOutputStream:75 - [STDERR_REDIRECT] Managed Build system manifest file error: Option com.arm.toolchain.v6.base.options.endian.245086353 uses a null category that is invalid in its context. The option was ignored.
2026-02-12 16:42:37,636 [ERROR] LogOutputStream:75 - [STDERR_REDIRECT] Managed Build system manifest file error: Option com.arm.toolchain.ac5.option.target.cpu_fpu.1203405248 uses a null category that is invalid in its context. The option was ignored.
2026-02-12 16:42:37,644 [ERROR] LogOutputStream:75 - [STDERR_REDIRECT] Managed Build system manifest file error: Option com.arm.toolchain.ac5.option.endian.1245571568 uses a null category that is invalid in its context. The option was ignored.
2026-02-12 16:42:37,788 [ERROR] LogOutputStream:75 - [STDERR_REDIRECT] SLF4J: Failed to load class "org.slf4j.impl.StaticLoggerBinder".
2026-02-12 16:42:37,793 [ERROR] LogOutputStream:75 - [STDERR_REDIRECT] SLF4J: Defaulting to no-operation (NOP) logger implementation
2026-02-12 16:42:37,799 [ERROR] LogOutputStream:75 - [STDERR_REDIRECT] SLF4J: See http://www.slf4j.org/codes.html#StaticLoggerBinder for further details.
2026-02-12 21:46:22,052 [INFO] Activator:176 - 


2026-02-12 21:46:22,068 [INFO] Activator:177 - !SESSION log4j initialized
2026-02-12 21:46:30,544 [ERROR] LogOutputStream:75 - [STDERR_REDIRECT] Managed Build system manifest file error: Option com.arm.toolchain.v6.base.options.debug.level.1499740772 uses a null category that is invalid in its context. The option was ignored.
2026-02-12 21:46:30,575 [ERROR] LogOutputStream:75 - [STDERR_REDIRECT] Managed Build system manifest file error: Option com.arm.toolchain.v6.base.options.target.cpu_fpu.1353770567 uses a null category that is invalid in its context. The option was ignored.
2026-02-12 21:46:30,591 [ERROR] LogOutputStream:75 - [STDERR_REDIRECT] Managed Build system manifest file error: Option com.arm.toolchain.v6.base.options.floatabi.1576425190 uses a null category that is invalid in its context. The option was ignored.
2026-02-12 21:46:30,623 [ERROR] LogOutputStream:75 - [STDERR_REDIRECT] Managed Build system manifest file error: Option com.arm.toolchain.v6.base.options.inst.1967567497 uses a null category that is invalid in its context. The option was ignored.
2026-02-12 21:46:30,639 [ERROR] LogOutputStream:75 - [STDERR_REDIRECT] Managed Build system manifest file error: Option com.arm.toolchain.v6.base.options.endian.245086353 uses a null category that is invalid in its context. The option was ignored.
2026-02-12 21:46:30,717 [ERROR] LogOutputStream:75 - [STDERR_REDIRECT] Managed Build system manifest file error: Option com.arm.toolchain.ac5.option.target.cpu_fpu.1203405248 uses a null category that is invalid in its context. The option was ignored.
2026-02-12 21:46:30,749 [ERROR] LogOutputStream:75 - [STDERR_REDIRECT] Managed Build system manifest file error: Option com.arm.toolchain.ac5.option.endian.1245571568 uses a null category that is invalid in its context. The option was ignored.
2026-02-12 21:46:33,899 [INFO] LogOutputStream:77 - [STDOUT_REDIRECT] 
2026-02-12 22:28:48,537 [INFO] Activator:176 - 


2026-02-12 22:28:48,547 [INFO] Activator:177 - !SESSION log4j initialized
2026-02-12 22:28:56,409 [ERROR] LogOutputStream:75 - [STDERR_REDIRECT] Managed Build system manifest file error: Option com.arm.toolchain.v6.base.options.debug.level.1499740772 uses a null category that is invalid in its context. The option was ignored.
2026-02-12 22:28:56,425 [ERROR] LogOutputStream:75 - [STDERR_REDIRECT] Managed Build system manifest file error: Option com.arm.toolchain.v6.base.options.target.cpu_fpu.1353770567 uses a null category that is invalid in its context. The option was ignored.
2026-02-12 22:28:56,456 [ERROR] LogOutputStream:75 - [STDERR_REDIRECT] Managed Build system manifest file error: Option com.arm.toolchain.v6.base.options.floatabi.1576425190 uses a null category that is invalid in its context. The option was ignored.
2026-02-12 22:28:56,478 [ERROR] LogOutputStream:75 - [STDERR_REDIRECT] Managed Build system manifest file error: Option com.arm.toolchain.v6.base.options.inst.1967567497 uses a null category that is invalid in its context. The option was ignored.
2026-02-12 22:28:56,503 [ERROR] LogOutputStream:75 - [STDERR_REDIRECT] Managed Build system manifest file error: Option com.arm.toolchain.v6.base.options.endian.245086353 uses a null category that is invalid in its context. The option was ignored.
2026-02-12 22:28:56,582 [ERROR] LogOutputStream:75 - [STDERR_REDIRECT] Managed Build system manifest file error: Option com.arm.toolchain.ac5.option.target.cpu_fpu.1203405248 uses a null category that is invalid in its context. The option was ignored.
2026-02-12 22:28:56,597 [ERROR] LogOutputStream:75 - [STDERR_REDIRECT] Managed Build system manifest file error: Option com.arm.toolchain.ac5.option.endian.1245571568 uses a null category that is invalid in its context. The option was ignored.
2026-02-12 22:28:59,970 [INFO] LogOutputStream:77 - [STDOUT_REDIRECT] 
2026-02-12 23:59:38,533 [INFO] Activator:176 - 


2026-02-12 23:59:38,540 [INFO] Activator:177 - !SESSION log4j initialized
2026-02-12 23:59:45,096 [ERROR] LogOutputStream:75 - [STDERR_REDIRECT] Managed Build system manifest file error: Option com.arm.toolchain.v6.base.options.debug.level.1499740772 uses a null category that is invalid in its context. The option was ignored.
2026-02-12 23:59:45,112 [ERROR] LogOutputStream:75 - [STDERR_REDIRECT] Managed Build system manifest file error: Option com.arm.toolchain.v6.base.options.target.cpu_fpu.1353770567 uses a null category that is invalid in its context. The option was ignored.
2026-02-12 23:59:45,128 [ERROR] LogOutputStream:75 - [STDERR_REDIRECT] Managed Build system manifest file error: Option com.arm.toolchain.v6.base.options.floatabi.1576425190 uses a null category that is invalid in its context. The option was ignored.
2026-02-12 23:59:45,143 [ERROR] LogOutputStream:75 - [STDERR_REDIRECT] Managed Build system manifest file error: Option com.arm.toolchain.v6.base.options.inst.1967567497 uses a null category that is invalid in its context. The option was ignored.
2026-02-12 23:59:45,159 [ERROR] LogOutputStream:75 - [STDERR_REDIRECT] Managed Build system manifest file error: Option com.arm.toolchain.v6.base.options.endian.245086353 uses a null category that is invalid in its context. The option was ignored.
2026-02-12 23:59:45,223 [ERROR] LogOutputStream:75 - [STDERR_REDIRECT] Managed Build system manifest file error: Option com.arm.toolchain.ac5.option.target.cpu_fpu.1203405248 uses a null category that is invalid in its context. The option was ignored.
2026-02-12 23:59:45,239 [ERROR] LogOutputStream:75 - [STDERR_REDIRECT] Managed Build system manifest file error: Option com.arm.toolchain.ac5.option.endian.1245571568 uses a null category that is invalid in its context. The option was ignored.
2026-02-12 23:59:48,433 [INFO] LogOutputStream:77 - [STDOUT_REDIRECT] 
