23:46:46 **** Build of configuration Debug for project LRWAN_NS1 ****
make all 
arm-none-eabi-gcc "C:/Users/Admin/STM32CubeIDE/workspace_1.19.0/i-cube_lrwan/STM32CubeExpansion_LRWAN_V2.1.0/Utilities/lpm/tiny_lpm/stm32_lpm.c" -mcpu=cortex-m0plus -std=gnu11 -g3 -DUSE_HAL_DRIVER -DSTM32L053xx -DUSE_BAND_868 -DUSE_STM32L0XX_NUCLEO -DUSE_LRWAN_NS1 -DCMD_DEBUG -c -I../../../Core/Inc -I../../../LoRaWAN/App -I../../../../../../../../Drivers/STM32L0xx_HAL_Driver/Inc -I../../../../../../../../Drivers/STM32L0xx_HAL_Driver/Inc/Legacy -I../../../../../../../../Drivers/CMSIS/Include -I../../../../../../../../Drivers/CMSIS/Device/ST/STM32L0xx/Include -I../../../../../../../../Drivers/BSP/Components/Common -I../../../../../../../../Drivers/BSP/Components/hts221 -I../../../../../../../../Drivers/BSP/Components/lps25hb -I../../../../../../../../Drivers/BSP/Components/lps22hb -I../../../../../../../../Drivers/BSP/LRWAN_NS1 -I../../../../../../../../Drivers/BSP/STM32L0xx_Nucleo -I../../../../../../../../Utilities/lpm/tiny_lpm -I../../../../../../../../Utilities/misc -I../../../../../../../../Utilities/timer -Os -ffunction-sections -Wall -fstack-usage -fcyclomatic-complexity -MMD -MP -MF"Utilities/stm32_lpm.d" -MT"Utilities/stm32_lpm.o" --specs=nano.specs -mfloat-abi=soft -mthumb -o "Utilities/stm32_lpm.o"
arm-none-eabi-gcc "C:/Users/Admin/STM32CubeIDE/workspace_1.19.0/i-cube_lrwan/STM32CubeExpansion_LRWAN_V2.1.0/Utilities/misc/stm32_mem.c" -mcpu=cortex-m0plus -std=gnu11 -g3 -DUSE_HAL_DRIVER -DSTM32L053xx -DUSE_BAND_868 -DUSE_STM32L0XX_NUCLEO -DUSE_LRWAN_NS1 -DCMD_DEBUG -c -I../../../Core/Inc -I../../../LoRaWAN/App -I../../../../../../../../Drivers/STM32L0xx_HAL_Driver/Inc -I../../../../../../../../Drivers/STM32L0xx_HAL_Driver/Inc/Legacy -I../../../../../../../../Drivers/CMSIS/Include -I../../../../../../../../Drivers/CMSIS/Device/ST/STM32L0xx/Include -I../../../../../../../../Drivers/BSP/Components/Common -I../../../../../../../../Drivers/BSP/Components/hts221 -I../../../../../../../../Drivers/BSP/Components/lps25hb -I../../../../../../../../Drivers/BSP/Components/lps22hb -I../../../../../../../../Drivers/BSP/LRWAN_NS1 -I../../../../../../../../Drivers/BSP/STM32L0xx_Nucleo -I../../../../../../../../Utilities/lpm/tiny_lpm -I../../../../../../../../Utilities/misc -I../../../../../../../../Utilities/timer -Os -ffunction-sections -Wall -fstack-usage -fcyclomatic-complexity -MMD -MP -MF"Utilities/stm32_mem.d" -MT"Utilities/stm32_mem.o" --specs=nano.specs -mfloat-abi=soft -mthumb -o "Utilities/stm32_mem.o"
arm-none-eabi-gcc "C:/Users/Admin/STM32CubeIDE/workspace_1.19.0/i-cube_lrwan/STM32CubeExpansion_LRWAN_V2.1.0/Utilities/timer/stm32_timer.c" -mcpu=cortex-m0plus -std=gnu11 -g3 -DUSE_HAL_DRIVER -DSTM32L053xx -DUSE_BAND_868 -DUSE_STM32L0XX_NUCLEO -DUSE_LRWAN_NS1 -DCMD_DEBUG -c -I../../../Core/Inc -I../../../LoRaWAN/App -I../../../../../../../../Drivers/STM32L0xx_HAL_Driver/Inc -I../../../../../../../../Drivers/STM32L0xx_HAL_Driver/Inc/Legacy -I../../../../../../../../Drivers/CMSIS/Include -I../../../../../../../../Drivers/CMSIS/Device/ST/STM32L0xx/Include -I../../../../../../../../Drivers/BSP/Components/Common -I../../../../../../../../Drivers/BSP/Components/hts221 -I../../../../../../../../Drivers/BSP/Components/lps25hb -I../../../../../../../../Drivers/BSP/Components/lps22hb -I../../../../../../../../Drivers/BSP/LRWAN_NS1 -I../../../../../../../../Drivers/BSP/STM32L0xx_Nucleo -I../../../../../../../../Utilities/lpm/tiny_lpm -I../../../../../../../../Utilities/misc -I../../../../../../../../Utilities/timer -Os -ffunction-sections -Wall -fstack-usage -fcyclomatic-complexity -MMD -MP -MF"Utilities/stm32_timer.d" -MT"Utilities/stm32_timer.o" --specs=nano.specs -mfloat-abi=soft -mthumb -o "Utilities/stm32_timer.o"
arm-none-eabi-gcc "C:/Users/Admin/STM32CubeIDE/workspace_1.19.0/i-cube_lrwan/STM32CubeExpansion_LRWAN_V2.1.0/Utilities/misc/stm32_tiny_sscanf.c" -mcpu=cortex-m0plus -std=gnu11 -g3 -DUSE_HAL_DRIVER -DSTM32L053xx -DUSE_BAND_868 -DUSE_STM32L0XX_NUCLEO -DUSE_LRWAN_NS1 -DCMD_DEBUG -c -I../../../Core/Inc -I../../../LoRaWAN/App -I../../../../../../../../Drivers/STM32L0xx_HAL_Driver/Inc -I../../../../../../../../Drivers/STM32L0xx_HAL_Driver/Inc/Legacy -I../../../../../../../../Drivers/CMSIS/Include -I../../../../../../../../Drivers/CMSIS/Device/ST/STM32L0xx/Include -I../../../../../../../../Drivers/BSP/Components/Common -I../../../../../../../../Drivers/BSP/Components/hts221 -I../../../../../../../../Drivers/BSP/Components/lps25hb -I../../../../../../../../Drivers/BSP/Components/lps22hb -I../../../../../../../../Drivers/BSP/LRWAN_NS1 -I../../../../../../../../Drivers/BSP/STM32L0xx_Nucleo -I../../../../../../../../Utilities/lpm/tiny_lpm -I../../../../../../../../Utilities/misc -I../../../../../../../../Utilities/timer -Os -ffunction-sections -Wall -fstack-usage -fcyclomatic-complexity -MMD -MP -MF"Utilities/stm32_tiny_sscanf.d" -MT"Utilities/stm32_tiny_sscanf.o" --specs=nano.specs -mfloat-abi=soft -mthumb -o "Utilities/stm32_tiny_sscanf.o"
arm-none-eabi-gcc "C:/Users/Admin/STM32CubeIDE/workspace_1.19.0/i-cube_lrwan/STM32CubeExpansion_LRWAN_V2.1.0/Utilities/misc/stm32_tiny_vsnprintf.c" -mcpu=cortex-m0plus -std=gnu11 -g3 -DUSE_HAL_DRIVER -DSTM32L053xx -DUSE_BAND_868 -DUSE_STM32L0XX_NUCLEO -DUSE_LRWAN_NS1 -DCMD_DEBUG -c -I../../../Core/Inc -I../../../LoRaWAN/App -I../../../../../../../../Drivers/STM32L0xx_HAL_Driver/Inc -I../../../../../../../../Drivers/STM32L0xx_HAL_Driver/Inc/Legacy -I../../../../../../../../Drivers/CMSIS/Include -I../../../../../../../../Drivers/CMSIS/Device/ST/STM32L0xx/Include -I../../../../../../../../Drivers/BSP/Components/Common -I../../../../../../../../Drivers/BSP/Components/hts221 -I../../../../../../../../Drivers/BSP/Components/lps25hb -I../../../../../../../../Drivers/BSP/Components/lps22hb -I../../../../../../../../Drivers/BSP/LRWAN_NS1 -I../../../../../../../../Drivers/BSP/STM32L0xx_Nucleo -I../../../../../../../../Utilities/lpm/tiny_lpm -I../../../../../../../../Utilities/misc -I../../../../../../../../Utilities/timer -Os -ffunction-sections -Wall -fstack-usage -fcyclomatic-complexity -MMD -MP -MF"Utilities/stm32_tiny_vsnprintf.d" -MT"Utilities/stm32_tiny_vsnprintf.o" --specs=nano.specs -mfloat-abi=soft -mthumb -o "Utilities/stm32_tiny_vsnprintf.o"
arm-none-eabi-gcc "C:/Users/Admin/STM32CubeIDE/workspace_1.19.0/i-cube_lrwan/STM32CubeExpansion_LRWAN_V2.1.0/Drivers/STM32L0xx_HAL_Driver/Src/stm32l0xx_hal.c" -mcpu=cortex-m0plus -std=gnu11 -g3 -DUSE_HAL_DRIVER -DSTM32L053xx -DUSE_BAND_868 -DUSE_STM32L0XX_NUCLEO -DUSE_LRWAN_NS1 -DCMD_DEBUG -c -I../../../Core/Inc -I../../../LoRaWAN/App -I../../../../../../../../Drivers/STM32L0xx_HAL_Driver/Inc -I../../../../../../../../Drivers/STM32L0xx_HAL_Driver/Inc/Legacy -I../../../../../../../../Drivers/CMSIS/Include -I../../../../../../../../Drivers/CMSIS/Device/ST/STM32L0xx/Include -I../../../../../../../../Drivers/BSP/Components/Common -I../../../../../../../../Drivers/BSP/Components/hts221 -I../../../../../../../../Drivers/BSP/Components/lps25hb -I../../../../../../../../Drivers/BSP/Components/lps22hb -I../../../../../../../../Drivers/BSP/LRWAN_NS1 -I../../../../../../../../Drivers/BSP/STM32L0xx_Nucleo -I../../../../../../../../Utilities/lpm/tiny_lpm -I../../../../../../../../Utilities/misc -I../../../../../../../../Utilities/timer -Os -ffunction-sections -Wall -fstack-usage -fcyclomatic-complexity -MMD -MP -MF"Drivers/STM32L0xx_HAL_Driver/stm32l0xx_hal.d" -MT"Drivers/STM32L0xx_HAL_Driver/stm32l0xx_hal.o" --specs=nano.specs -mfloat-abi=soft -mthumb -o "Drivers/STM32L0xx_HAL_Driver/stm32l0xx_hal.o"
arm-none-eabi-gcc "C:/Users/Admin/STM32CubeIDE/workspace_1.19.0/i-cube_lrwan/STM32CubeExpansion_LRWAN_V2.1.0/Drivers/STM32L0xx_HAL_Driver/Src/stm32l0xx_hal_adc.c" -mcpu=cortex-m0plus -std=gnu11 -g3 -DUSE_HAL_DRIVER -DSTM32L053xx -DUSE_BAND_868 -DUSE_STM32L0XX_NUCLEO -DUSE_LRWAN_NS1 -DCMD_DEBUG -c -I../../../Core/Inc -I../../../LoRaWAN/App -I../../../../../../../../Drivers/STM32L0xx_HAL_Driver/Inc -I../../../../../../../../Drivers/STM32L0xx_HAL_Driver/Inc/Legacy -I../../../../../../../../Drivers/CMSIS/Include -I../../../../../../../../Drivers/CMSIS/Device/ST/STM32L0xx/Include -I../../../../../../../../Drivers/BSP/Components/Common -I../../../../../../../../Drivers/BSP/Components/hts221 -I../../../../../../../../Drivers/BSP/Components/lps25hb -I../../../../../../../../Drivers/BSP/Components/lps22hb -I../../../../../../../../Drivers/BSP/LRWAN_NS1 -I../../../../../../../../Drivers/BSP/STM32L0xx_Nucleo -I../../../../../../../../Utilities/lpm/tiny_lpm -I../../../../../../../../Utilities/misc -I../../../../../../../../Utilities/timer -Os -ffunction-sections -Wall -fstack-usage -fcyclomatic-complexity -MMD -MP -MF"Drivers/STM32L0xx_HAL_Driver/stm32l0xx_hal_adc.d" -MT"Drivers/STM32L0xx_HAL_Driver/stm32l0xx_hal_adc.o" --specs=nano.specs -mfloat-abi=soft -mthumb -o "Drivers/STM32L0xx_HAL_Driver/stm32l0xx_hal_adc.o"
arm-none-eabi-gcc "C:/Users/Admin/STM32CubeIDE/workspace_1.19.0/i-cube_lrwan/STM32CubeExpansion_LRWAN_V2.1.0/Drivers/STM32L0xx_HAL_Driver/Src/stm32l0xx_hal_adc_ex.c" -mcpu=cortex-m0plus -std=gnu11 -g3 -DUSE_HAL_DRIVER -DSTM32L053xx -DUSE_BAND_868 -DUSE_STM32L0XX_NUCLEO -DUSE_LRWAN_NS1 -DCMD_DEBUG -c -I../../../Core/Inc -I../../../LoRaWAN/App -I../../../../../../../../Drivers/STM32L0xx_HAL_Driver/Inc -I../../../../../../../../Drivers/STM32L0xx_HAL_Driver/Inc/Legacy -I../../../../../../../../Drivers/CMSIS/Include -I../../../../../../../../Drivers/CMSIS/Device/ST/STM32L0xx/Include -I../../../../../../../../Drivers/BSP/Components/Common -I../../../../../../../../Drivers/BSP/Components/hts221 -I../../../../../../../../Drivers/BSP/Components/lps25hb -I../../../../../../../../Drivers/BSP/Components/lps22hb -I../../../../../../../../Drivers/BSP/LRWAN_NS1 -I../../../../../../../../Drivers/BSP/STM32L0xx_Nucleo -I../../../../../../../../Utilities/lpm/tiny_lpm -I../../../../../../../../Utilities/misc -I../../../../../../../../Utilities/timer -Os -ffunction-sections -Wall -fstack-usage -fcyclomatic-complexity -MMD -MP -MF"Drivers/STM32L0xx_HAL_Driver/stm32l0xx_hal_adc_ex.d" -MT"Drivers/STM32L0xx_HAL_Driver/stm32l0xx_hal_adc_ex.o" --specs=nano.specs -mfloat-abi=soft -mthumb -o "Drivers/STM32L0xx_HAL_Driver/stm32l0xx_hal_adc_ex.o"
arm-none-eabi-gcc "C:/Users/Admin/STM32CubeIDE/workspace_1.19.0/i-cube_lrwan/STM32CubeExpansion_LRWAN_V2.1.0/Drivers/STM32L0xx_HAL_Driver/Src/stm32l0xx_hal_cortex.c" -mcpu=cortex-m0plus -std=gnu11 -g3 -DUSE_HAL_DRIVER -DSTM32L053xx -DUSE_BAND_868 -DUSE_STM32L0XX_NUCLEO -DUSE_LRWAN_NS1 -DCMD_DEBUG -c -I../../../Core/Inc -I../../../LoRaWAN/App -I../../../../../../../../Drivers/STM32L0xx_HAL_Driver/Inc -I../../../../../../../../Drivers/STM32L0xx_HAL_Driver/Inc/Legacy -I../../../../../../../../Drivers/CMSIS/Include -I../../../../../../../../Drivers/CMSIS/Device/ST/STM32L0xx/Include -I../../../../../../../../Drivers/BSP/Components/Common -I../../../../../../../../Drivers/BSP/Components/hts221 -I../../../../../../../../Drivers/BSP/Components/lps25hb -I../../../../../../../../Drivers/BSP/Components/lps22hb -I../../../../../../../../Drivers/BSP/LRWAN_NS1 -I../../../../../../../../Drivers/BSP/STM32L0xx_Nucleo -I../../../../../../../../Utilities/lpm/tiny_lpm -I../../../../../../../../Utilities/misc -I../../../../../../../../Utilities/timer -Os -ffunction-sections -Wall -fstack-usage -fcyclomatic-complexity -MMD -MP -MF"Drivers/STM32L0xx_HAL_Driver/stm32l0xx_hal_cortex.d" -MT"Drivers/STM32L0xx_HAL_Driver/stm32l0xx_hal_cortex.o" --specs=nano.specs -mfloat-abi=soft -mthumb -o "Drivers/STM32L0xx_HAL_Driver/stm32l0xx_hal_cortex.o"
arm-none-eabi-gcc "C:/Users/Admin/STM32CubeIDE/workspace_1.19.0/i-cube_lrwan/STM32CubeExpansion_LRWAN_V2.1.0/Drivers/STM32L0xx_HAL_Driver/Src/stm32l0xx_hal_dma.c" -mcpu=cortex-m0plus -std=gnu11 -g3 -DUSE_HAL_DRIVER -DSTM32L053xx -DUSE_BAND_868 -DUSE_STM32L0XX_NUCLEO -DUSE_LRWAN_NS1 -DCMD_DEBUG -c -I../../../Core/Inc -I../../../LoRaWAN/App -I../../../../../../../../Drivers/STM32L0xx_HAL_Driver/Inc -I../../../../../../../../Drivers/STM32L0xx_HAL_Driver/Inc/Legacy -I../../../../../../../../Drivers/CMSIS/Include -I../../../../../../../../Drivers/CMSIS/Device/ST/STM32L0xx/Include -I../../../../../../../../Drivers/BSP/Components/Common -I../../../../../../../../Drivers/BSP/Components/hts221 -I../../../../../../../../Drivers/BSP/Components/lps25hb -I../../../../../../../../Drivers/BSP/Components/lps22hb -I../../../../../../../../Drivers/BSP/LRWAN_NS1 -I../../../../../../../../Drivers/BSP/STM32L0xx_Nucleo -I../../../../../../../../Utilities/lpm/tiny_lpm -I../../../../../../../../Utilities/misc -I../../../../../../../../Utilities/timer -Os -ffunction-sections -Wall -fstack-usage -fcyclomatic-complexity -MMD -MP -MF"Drivers/STM32L0xx_HAL_Driver/stm32l0xx_hal_dma.d" -MT"Drivers/STM32L0xx_HAL_Driver/stm32l0xx_hal_dma.o" --specs=nano.specs -mfloat-abi=soft -mthumb -o "Drivers/STM32L0xx_HAL_Driver/stm32l0xx_hal_dma.o"
arm-none-eabi-gcc "C:/Users/Admin/STM32CubeIDE/workspace_1.19.0/i-cube_lrwan/STM32CubeExpansion_LRWAN_V2.1.0/Drivers/STM32L0xx_HAL_Driver/Src/stm32l0xx_hal_flash.c" -mcpu=cortex-m0plus -std=gnu11 -g3 -DUSE_HAL_DRIVER -DSTM32L053xx -DUSE_BAND_868 -DUSE_STM32L0XX_NUCLEO -DUSE_LRWAN_NS1 -DCMD_DEBUG -c -I../../../Core/Inc -I../../../LoRaWAN/App -I../../../../../../../../Drivers/STM32L0xx_HAL_Driver/Inc -I../../../../../../../../Drivers/STM32L0xx_HAL_Driver/Inc/Legacy -I../../../../../../../../Drivers/CMSIS/Include -I../../../../../../../../Drivers/CMSIS/Device/ST/STM32L0xx/Include -I../../../../../../../../Drivers/BSP/Components/Common -I../../../../../../../../Drivers/BSP/Components/hts221 -I../../../../../../../../Drivers/BSP/Components/lps25hb -I../../../../../../../../Drivers/BSP/Components/lps22hb -I../../../../../../../../Drivers/BSP/LRWAN_NS1 -I../../../../../../../../Drivers/BSP/STM32L0xx_Nucleo -I../../../../../../../../Utilities/lpm/tiny_lpm -I../../../../../../../../Utilities/misc -I../../../../../../../../Utilities/timer -Os -ffunction-sections -Wall -fstack-usage -fcyclomatic-complexity -MMD -MP -MF"Drivers/STM32L0xx_HAL_Driver/stm32l0xx_hal_flash.d" -MT"Drivers/STM32L0xx_HAL_Driver/stm32l0xx_hal_flash.o" --specs=nano.specs -mfloat-abi=soft -mthumb -o "Drivers/STM32L0xx_HAL_Driver/stm32l0xx_hal_flash.o"
arm-none-eabi-gcc "C:/Users/Admin/STM32CubeIDE/workspace_1.19.0/i-cube_lrwan/STM32CubeExpansion_LRWAN_V2.1.0/Drivers/STM32L0xx_HAL_Driver/Src/stm32l0xx_hal_flash_ex.c" -mcpu=cortex-m0plus -std=gnu11 -g3 -DUSE_HAL_DRIVER -DSTM32L053xx -DUSE_BAND_868 -DUSE_STM32L0XX_NUCLEO -DUSE_LRWAN_NS1 -DCMD_DEBUG -c -I../../../Core/Inc -I../../../LoRaWAN/App -I../../../../../../../../Drivers/STM32L0xx_HAL_Driver/Inc -I../../../../../../../../Drivers/STM32L0xx_HAL_Driver/Inc/Legacy -I../../../../../../../../Drivers/CMSIS/Include -I../../../../../../../../Drivers/CMSIS/Device/ST/STM32L0xx/Include -I../../../../../../../../Drivers/BSP/Components/Common -I../../../../../../../../Drivers/BSP/Components/hts221 -I../../../../../../../../Drivers/BSP/Components/lps25hb -I../../../../../../../../Drivers/BSP/Components/lps22hb -I../../../../../../../../Drivers/BSP/LRWAN_NS1 -I../../../../../../../../Drivers/BSP/STM32L0xx_Nucleo -I../../../../../../../../Utilities/lpm/tiny_lpm -I../../../../../../../../Utilities/misc -I../../../../../../../../Utilities/timer -Os -ffunction-sections -Wall -fstack-usage -fcyclomatic-complexity -MMD -MP -MF"Drivers/STM32L0xx_HAL_Driver/stm32l0xx_hal_flash_ex.d" -MT"Drivers/STM32L0xx_HAL_Driver/stm32l0xx_hal_flash_ex.o" --specs=nano.specs -mfloat-abi=soft -mthumb -o "Drivers/STM32L0xx_HAL_Driver/stm32l0xx_hal_flash_ex.o"
arm-none-eabi-gcc "C:/Users/Admin/STM32CubeIDE/workspace_1.19.0/i-cube_lrwan/STM32CubeExpansion_LRWAN_V2.1.0/Drivers/STM32L0xx_HAL_Driver/Src/stm32l0xx_hal_flash_ramfunc.c" -mcpu=cortex-m0plus -std=gnu11 -g3 -DUSE_HAL_DRIVER -DSTM32L053xx -DUSE_BAND_868 -DUSE_STM32L0XX_NUCLEO -DUSE_LRWAN_NS1 -DCMD_DEBUG -c -I../../../Core/Inc -I../../../LoRaWAN/App -I../../../../../../../../Drivers/STM32L0xx_HAL_Driver/Inc -I../../../../../../../../Drivers/STM32L0xx_HAL_Driver/Inc/Legacy -I../../../../../../../../Drivers/CMSIS/Include -I../../../../../../../../Drivers/CMSIS/Device/ST/STM32L0xx/Include -I../../../../../../../../Drivers/BSP/Components/Common -I../../../../../../../../Drivers/BSP/Components/hts221 -I../../../../../../../../Drivers/BSP/Components/lps25hb -I../../../../../../../../Drivers/BSP/Components/lps22hb -I../../../../../../../../Drivers/BSP/LRWAN_NS1 -I../../../../../../../../Drivers/BSP/STM32L0xx_Nucleo -I../../../../../../../../Utilities/lpm/tiny_lpm -I../../../../../../../../Utilities/misc -I../../../../../../../../Utilities/timer -Os -ffunction-sections -Wall -fstack-usage -fcyclomatic-complexity -MMD -MP -MF"Drivers/STM32L0xx_HAL_Driver/stm32l0xx_hal_flash_ramfunc.d" -MT"Drivers/STM32L0xx_HAL_Driver/stm32l0xx_hal_flash_ramfunc.o" --specs=nano.specs -mfloat-abi=soft -mthumb -o "Drivers/STM32L0xx_HAL_Driver/stm32l0xx_hal_flash_ramfunc.o"
arm-none-eabi-gcc "C:/Users/Admin/STM32CubeIDE/workspace_1.19.0/i-cube_lrwan/STM32CubeExpansion_LRWAN_V2.1.0/Drivers/STM32L0xx_HAL_Driver/Src/stm32l0xx_hal_gpio.c" -mcpu=cortex-m0plus -std=gnu11 -g3 -DUSE_HAL_DRIVER -DSTM32L053xx -DUSE_BAND_868 -DUSE_STM32L0XX_NUCLEO -DUSE_LRWAN_NS1 -DCMD_DEBUG -c -I../../../Core/Inc -I../../../LoRaWAN/App -I../../../../../../../../Drivers/STM32L0xx_HAL_Driver/Inc -I../../../../../../../../Drivers/STM32L0xx_HAL_Driver/Inc/Legacy -I../../../../../../../../Drivers/CMSIS/Include -I../../../../../../../../Drivers/CMSIS/Device/ST/STM32L0xx/Include -I../../../../../../../../Drivers/BSP/Components/Common -I../../../../../../../../Drivers/BSP/Components/hts221 -I../../../../../../../../Drivers/BSP/Components/lps25hb -I../../../../../../../../Drivers/BSP/Components/lps22hb -I../../../../../../../../Drivers/BSP/LRWAN_NS1 -I../../../../../../../../Drivers/BSP/STM32L0xx_Nucleo -I../../../../../../../../Utilities/lpm/tiny_lpm -I../../../../../../../../Utilities/misc -I../../../../../../../../Utilities/timer -Os -ffunction-sections -Wall -fstack-usage -fcyclomatic-complexity -MMD -MP -MF"Drivers/STM32L0xx_HAL_Driver/stm32l0xx_hal_gpio.d" -MT"Drivers/STM32L0xx_HAL_Driver/stm32l0xx_hal_gpio.o" --specs=nano.specs -mfloat-abi=soft -mthumb -o "Drivers/STM32L0xx_HAL_Driver/stm32l0xx_hal_gpio.o"
arm-none-eabi-gcc "C:/Users/Admin/STM32CubeIDE/workspace_1.19.0/i-cube_lrwan/STM32CubeExpansion_LRWAN_V2.1.0/Drivers/STM32L0xx_HAL_Driver/Src/stm32l0xx_hal_i2c.c" -mcpu=cortex-m0plus -std=gnu11 -g3 -DUSE_HAL_DRIVER -DSTM32L053xx -DUSE_BAND_868 -DUSE_STM32L0XX_NUCLEO -DUSE_LRWAN_NS1 -DCMD_DEBUG -c -I../../../Core/Inc -I../../../LoRaWAN/App -I../../../../../../../../Drivers/STM32L0xx_HAL_Driver/Inc -I../../../../../../../../Drivers/STM32L0xx_HAL_Driver/Inc/Legacy -I../../../../../../../../Drivers/CMSIS/Include -I../../../../../../../../Drivers/CMSIS/Device/ST/STM32L0xx/Include -I../../../../../../../../Drivers/BSP/Components/Common -I../../../../../../../../Drivers/BSP/Components/hts221 -I../../../../../../../../Drivers/BSP/Components/lps25hb -I../../../../../../../../Drivers/BSP/Components/lps22hb -I../../../../../../../../Drivers/BSP/LRWAN_NS1 -I../../../../../../../../Drivers/BSP/STM32L0xx_Nucleo -I../../../../../../../../Utilities/lpm/tiny_lpm -I../../../../../../../../Utilities/misc -I../../../../../../../../Utilities/timer -Os -ffunction-sections -Wall -fstack-usage -fcyclomatic-complexity -MMD -MP -MF"Drivers/STM32L0xx_HAL_Driver/stm32l0xx_hal_i2c.d" -MT"Drivers/STM32L0xx_HAL_Driver/stm32l0xx_hal_i2c.o" --specs=nano.specs -mfloat-abi=soft -mthumb -o "Drivers/STM32L0xx_HAL_Driver/stm32l0xx_hal_i2c.o"
arm-none-eabi-gcc "C:/Users/Admin/STM32CubeIDE/workspace_1.19.0/i-cube_lrwan/STM32CubeExpansion_LRWAN_V2.1.0/Drivers/STM32L0xx_HAL_Driver/Src/stm32l0xx_hal_i2c_ex.c" -mcpu=cortex-m0plus -std=gnu11 -g3 -DUSE_HAL_DRIVER -DSTM32L053xx -DUSE_BAND_868 -DUSE_STM32L0XX_NUCLEO -DUSE_LRWAN_NS1 -DCMD_DEBUG -c -I../../../Core/Inc -I../../../LoRaWAN/App -I../../../../../../../../Drivers/STM32L0xx_HAL_Driver/Inc -I../../../../../../../../Drivers/STM32L0xx_HAL_Driver/Inc/Legacy -I../../../../../../../../Drivers/CMSIS/Include -I../../../../../../../../Drivers/CMSIS/Device/ST/STM32L0xx/Include -I../../../../../../../../Drivers/BSP/Components/Common -I../../../../../../../../Drivers/BSP/Components/hts221 -I../../../../../../../../Drivers/BSP/Components/lps25hb -I../../../../../../../../Drivers/BSP/Components/lps22hb -I../../../../../../../../Drivers/BSP/LRWAN_NS1 -I../../../../../../../../Drivers/BSP/STM32L0xx_Nucleo -I../../../../../../../../Utilities/lpm/tiny_lpm -I../../../../../../../../Utilities/misc -I../../../../../../../../Utilities/timer -Os -ffunction-sections -Wall -fstack-usage -fcyclomatic-complexity -MMD -MP -MF"Drivers/STM32L0xx_HAL_Driver/stm32l0xx_hal_i2c_ex.d" -MT"Drivers/STM32L0xx_HAL_Driver/stm32l0xx_hal_i2c_ex.o" --specs=nano.specs -mfloat-abi=soft -mthumb -o "Drivers/STM32L0xx_HAL_Driver/stm32l0xx_hal_i2c_ex.o"
arm-none-eabi-gcc "C:/Users/Admin/STM32CubeIDE/workspace_1.19.0/i-cube_lrwan/STM32CubeExpansion_LRWAN_V2.1.0/Drivers/STM32L0xx_HAL_Driver/Src/stm32l0xx_hal_pwr.c" -mcpu=cortex-m0plus -std=gnu11 -g3 -DUSE_HAL_DRIVER -DSTM32L053xx -DUSE_BAND_868 -DUSE_STM32L0XX_NUCLEO -DUSE_LRWAN_NS1 -DCMD_DEBUG -c -I../../../Core/Inc -I../../../LoRaWAN/App -I../../../../../../../../Drivers/STM32L0xx_HAL_Driver/Inc -I../../../../../../../../Drivers/STM32L0xx_HAL_Driver/Inc/Legacy -I../../../../../../../../Drivers/CMSIS/Include -I../../../../../../../../Drivers/CMSIS/Device/ST/STM32L0xx/Include -I../../../../../../../../Drivers/BSP/Components/Common -I../../../../../../../../Drivers/BSP/Components/hts221 -I../../../../../../../../Drivers/BSP/Components/lps25hb -I../../../../../../../../Drivers/BSP/Components/lps22hb -I../../../../../../../../Drivers/BSP/LRWAN_NS1 -I../../../../../../../../Drivers/BSP/STM32L0xx_Nucleo -I../../../../../../../../Utilities/lpm/tiny_lpm -I../../../../../../../../Utilities/misc -I../../../../../../../../Utilities/timer -Os -ffunction-sections -Wall -fstack-usage -fcyclomatic-complexity -MMD -MP -MF"Drivers/STM32L0xx_HAL_Driver/stm32l0xx_hal_pwr.d" -MT"Drivers/STM32L0xx_HAL_Driver/stm32l0xx_hal_pwr.o" --specs=nano.specs -mfloat-abi=soft -mthumb -o "Drivers/STM32L0xx_HAL_Driver/stm32l0xx_hal_pwr.o"
arm-none-eabi-gcc "C:/Users/Admin/STM32CubeIDE/workspace_1.19.0/i-cube_lrwan/STM32CubeExpansion_LRWAN_V2.1.0/Drivers/STM32L0xx_HAL_Driver/Src/stm32l0xx_hal_pwr_ex.c" -mcpu=cortex-m0plus -std=gnu11 -g3 -DUSE_HAL_DRIVER -DSTM32L053xx -DUSE_BAND_868 -DUSE_STM32L0XX_NUCLEO -DUSE_LRWAN_NS1 -DCMD_DEBUG -c -I../../../Core/Inc -I../../../LoRaWAN/App -I../../../../../../../../Drivers/STM32L0xx_HAL_Driver/Inc -I../../../../../../../../Drivers/STM32L0xx_HAL_Driver/Inc/Legacy -I../../../../../../../../Drivers/CMSIS/Include -I../../../../../../../../Drivers/CMSIS/Device/ST/STM32L0xx/Include -I../../../../../../../../Drivers/BSP/Components/Common -I../../../../../../../../Drivers/BSP/Components/hts221 -I../../../../../../../../Drivers/BSP/Components/lps25hb -I../../../../../../../../Drivers/BSP/Components/lps22hb -I../../../../../../../../Drivers/BSP/LRWAN_NS1 -I../../../../../../../../Drivers/BSP/STM32L0xx_Nucleo -I../../../../../../../../Utilities/lpm/tiny_lpm -I../../../../../../../../Utilities/misc -I../../../../../../../../Utilities/timer -Os -ffunction-sections -Wall -fstack-usage -fcyclomatic-complexity -MMD -MP -MF"Drivers/STM32L0xx_HAL_Driver/stm32l0xx_hal_pwr_ex.d" -MT"Drivers/STM32L0xx_HAL_Driver/stm32l0xx_hal_pwr_ex.o" --specs=nano.specs -mfloat-abi=soft -mthumb -o "Drivers/STM32L0xx_HAL_Driver/stm32l0xx_hal_pwr_ex.o"
arm-none-eabi-gcc "C:/Users/Admin/STM32CubeIDE/workspace_1.19.0/i-cube_lrwan/STM32CubeExpansion_LRWAN_V2.1.0/Drivers/STM32L0xx_HAL_Driver/Src/stm32l0xx_hal_rcc.c" -mcpu=cortex-m0plus -std=gnu11 -g3 -DUSE_HAL_DRIVER -DSTM32L053xx -DUSE_BAND_868 -DUSE_STM32L0XX_NUCLEO -DUSE_LRWAN_NS1 -DCMD_DEBUG -c -I../../../Core/Inc -I../../../LoRaWAN/App -I../../../../../../../../Drivers/STM32L0xx_HAL_Driver/Inc -I../../../../../../../../Drivers/STM32L0xx_HAL_Driver/Inc/Legacy -I../../../../../../../../Drivers/CMSIS/Include -I../../../../../../../../Drivers/CMSIS/Device/ST/STM32L0xx/Include -I../../../../../../../../Drivers/BSP/Components/Common -I../../../../../../../../Drivers/BSP/Components/hts221 -I../../../../../../../../Drivers/BSP/Components/lps25hb -I../../../../../../../../Drivers/BSP/Components/lps22hb -I../../../../../../../../Drivers/BSP/LRWAN_NS1 -I../../../../../../../../Drivers/BSP/STM32L0xx_Nucleo -I../../../../../../../../Utilities/lpm/tiny_lpm -I../../../../../../../../Utilities/misc -I../../../../../../../../Utilities/timer -Os -ffunction-sections -Wall -fstack-usage -fcyclomatic-complexity -MMD -MP -MF"Drivers/STM32L0xx_HAL_Driver/stm32l0xx_hal_rcc.d" -MT"Drivers/STM32L0xx_HAL_Driver/stm32l0xx_hal_rcc.o" --specs=nano.specs -mfloat-abi=soft -mthumb -o "Drivers/STM32L0xx_HAL_Driver/stm32l0xx_hal_rcc.o"
arm-none-eabi-gcc "C:/Users/Admin/STM32CubeIDE/workspace_1.19.0/i-cube_lrwan/STM32CubeExpansion_LRWAN_V2.1.0/Drivers/STM32L0xx_HAL_Driver/Src/stm32l0xx_hal_rcc_ex.c" -mcpu=cortex-m0plus -std=gnu11 -g3 -DUSE_HAL_DRIVER -DSTM32L053xx -DUSE_BAND_868 -DUSE_STM32L0XX_NUCLEO -DUSE_LRWAN_NS1 -DCMD_DEBUG -c -I../../../Core/Inc -I../../../LoRaWAN/App -I../../../../../../../../Drivers/STM32L0xx_HAL_Driver/Inc -I../../../../../../../../Drivers/STM32L0xx_HAL_Driver/Inc/Legacy -I../../../../../../../../Drivers/CMSIS/Include -I../../../../../../../../Drivers/CMSIS/Device/ST/STM32L0xx/Include -I../../../../../../../../Drivers/BSP/Components/Common -I../../../../../../../../Drivers/BSP/Components/hts221 -I../../../../../../../../Drivers/BSP/Components/lps25hb -I../../../../../../../../Drivers/BSP/Components/lps22hb -I../../../../../../../../Drivers/BSP/LRWAN_NS1 -I../../../../../../../../Drivers/BSP/STM32L0xx_Nucleo -I../../../../../../../../Utilities/lpm/tiny_lpm -I../../../../../../../../Utilities/misc -I../../../../../../../../Utilities/timer -Os -ffunction-sections -Wall -fstack-usage -fcyclomatic-complexity -MMD -MP -MF"Drivers/STM32L0xx_HAL_Driver/stm32l0xx_hal_rcc_ex.d" -MT"Drivers/STM32L0xx_HAL_Driver/stm32l0xx_hal_rcc_ex.o" --specs=nano.specs -mfloat-abi=soft -mthumb -o "Drivers/STM32L0xx_HAL_Driver/stm32l0xx_hal_rcc_ex.o"
arm-none-eabi-gcc "C:/Users/Admin/STM32CubeIDE/workspace_1.19.0/i-cube_lrwan/STM32CubeExpansion_LRWAN_V2.1.0/Drivers/STM32L0xx_HAL_Driver/Src/stm32l0xx_hal_rtc.c" -mcpu=cortex-m0plus -std=gnu11 -g3 -DUSE_HAL_DRIVER -DSTM32L053xx -DUSE_BAND_868 -DUSE_STM32L0XX_NUCLEO -DUSE_LRWAN_NS1 -DCMD_DEBUG -c -I../../../Core/Inc -I../../../LoRaWAN/App -I../../../../../../../../Drivers/STM32L0xx_HAL_Driver/Inc -I../../../../../../../../Drivers/STM32L0xx_HAL_Driver/Inc/Legacy -I../../../../../../../../Drivers/CMSIS/Include -I../../../../../../../../Drivers/CMSIS/Device/ST/STM32L0xx/Include -I../../../../../../../../Drivers/BSP/Components/Common -I../../../../../../../../Drivers/BSP/Components/hts221 -I../../../../../../../../Drivers/BSP/Components/lps25hb -I../../../../../../../../Drivers/BSP/Components/lps22hb -I../../../../../../../../Drivers/BSP/LRWAN_NS1 -I../../../../../../../../Drivers/BSP/STM32L0xx_Nucleo -I../../../../../../../../Utilities/lpm/tiny_lpm -I../../../../../../../../Utilities/misc -I../../../../../../../../Utilities/timer -Os -ffunction-sections -Wall -fstack-usage -fcyclomatic-complexity -MMD -MP -MF"Drivers/STM32L0xx_HAL_Driver/stm32l0xx_hal_rtc.d" -MT"Drivers/STM32L0xx_HAL_Driver/stm32l0xx_hal_rtc.o" --specs=nano.specs -mfloat-abi=soft -mthumb -o "Drivers/STM32L0xx_HAL_Driver/stm32l0xx_hal_rtc.o"
arm-none-eabi-gcc "C:/Users/Admin/STM32CubeIDE/workspace_1.19.0/i-cube_lrwan/STM32CubeExpansion_LRWAN_V2.1.0/Drivers/STM32L0xx_HAL_Driver/Src/stm32l0xx_hal_rtc_ex.c" -mcpu=cortex-m0plus -std=gnu11 -g3 -DUSE_HAL_DRIVER -DSTM32L053xx -DUSE_BAND_868 -DUSE_STM32L0XX_NUCLEO -DUSE_LRWAN_NS1 -DCMD_DEBUG -c -I../../../Core/Inc -I../../../LoRaWAN/App -I../../../../../../../../Drivers/STM32L0xx_HAL_Driver/Inc -I../../../../../../../../Drivers/STM32L0xx_HAL_Driver/Inc/Legacy -I../../../../../../../../Drivers/CMSIS/Include -I../../../../../../../../Drivers/CMSIS/Device/ST/STM32L0xx/Include -I../../../../../../../../Drivers/BSP/Components/Common -I../../../../../../../../Drivers/BSP/Components/hts221 -I../../../../../../../../Drivers/BSP/Components/lps25hb -I../../../../../../../../Drivers/BSP/Components/lps22hb -I../../../../../../../../Drivers/BSP/LRWAN_NS1 -I../../../../../../../../Drivers/BSP/STM32L0xx_Nucleo -I../../../../../../../../Utilities/lpm/tiny_lpm -I../../../../../../../../Utilities/misc -I../../../../../../../../Utilities/timer -Os -ffunction-sections -Wall -fstack-usage -fcyclomatic-complexity -MMD -MP -MF"Drivers/STM32L0xx_HAL_Driver/stm32l0xx_hal_rtc_ex.d" -MT"Drivers/STM32L0xx_HAL_Driver/stm32l0xx_hal_rtc_ex.o" --specs=nano.specs -mfloat-abi=soft -mthumb -o "Drivers/STM32L0xx_HAL_Driver/stm32l0xx_hal_rtc_ex.o"
arm-none-eabi-gcc "C:/Users/Admin/STM32CubeIDE/workspace_1.19.0/i-cube_lrwan/STM32CubeExpansion_LRWAN_V2.1.0/Drivers/STM32L0xx_HAL_Driver/Src/stm32l0xx_hal_tim.c" -mcpu=cortex-m0plus -std=gnu11 -g3 -DUSE_HAL_DRIVER -DSTM32L053xx -DUSE_BAND_868 -DUSE_STM32L0XX_NUCLEO -DUSE_LRWAN_NS1 -DCMD_DEBUG -c -I../../../Core/Inc -I../../../LoRaWAN/App -I../../../../../../../../Drivers/STM32L0xx_HAL_Driver/Inc -I../../../../../../../../Drivers/STM32L0xx_HAL_Driver/Inc/Legacy -I../../../../../../../../Drivers/CMSIS/Include -I../../../../../../../../Drivers/CMSIS/Device/ST/STM32L0xx/Include -I../../../../../../../../Drivers/BSP/Components/Common -I../../../../../../../../Drivers/BSP/Components/hts221 -I../../../../../../../../Drivers/BSP/Components/lps25hb -I../../../../../../../../Drivers/BSP/Components/lps22hb -I../../../../../../../../Drivers/BSP/LRWAN_NS1 -I../../../../../../../../Drivers/BSP/STM32L0xx_Nucleo -I../../../../../../../../Utilities/lpm/tiny_lpm -I../../../../../../../../Utilities/misc -I../../../../../../../../Utilities/timer -Os -ffunction-sections -Wall -fstack-usage -fcyclomatic-complexity -MMD -MP -MF"Drivers/STM32L0xx_HAL_Driver/stm32l0xx_hal_tim.d" -MT"Drivers/STM32L0xx_HAL_Driver/stm32l0xx_hal_tim.o" --specs=nano.specs -mfloat-abi=soft -mthumb -o "Drivers/STM32L0xx_HAL_Driver/stm32l0xx_hal_tim.o"
arm-none-eabi-gcc "C:/Users/Admin/STM32CubeIDE/workspace_1.19.0/i-cube_lrwan/STM32CubeExpansion_LRWAN_V2.1.0/Drivers/STM32L0xx_HAL_Driver/Src/stm32l0xx_hal_tim_ex.c" -mcpu=cortex-m0plus -std=gnu11 -g3 -DUSE_HAL_DRIVER -DSTM32L053xx -DUSE_BAND_868 -DUSE_STM32L0XX_NUCLEO -DUSE_LRWAN_NS1 -DCMD_DEBUG -c -I../../../Core/Inc -I../../../LoRaWAN/App -I../../../../../../../../Drivers/STM32L0xx_HAL_Driver/Inc -I../../../../../../../../Drivers/STM32L0xx_HAL_Driver/Inc/Legacy -I../../../../../../../../Drivers/CMSIS/Include -I../../../../../../../../Drivers/CMSIS/Device/ST/STM32L0xx/Include -I../../../../../../../../Drivers/BSP/Components/Common -I../../../../../../../../Drivers/BSP/Components/hts221 -I../../../../../../../../Drivers/BSP/Components/lps25hb -I../../../../../../../../Drivers/BSP/Components/lps22hb -I../../../../../../../../Drivers/BSP/LRWAN_NS1 -I../../../../../../../../Drivers/BSP/STM32L0xx_Nucleo -I../../../../../../../../Utilities/lpm/tiny_lpm -I../../../../../../../../Utilities/misc -I../../../../../../../../Utilities/timer -Os -ffunction-sections -Wall -fstack-usage -fcyclomatic-complexity -MMD -MP -MF"Drivers/STM32L0xx_HAL_Driver/stm32l0xx_hal_tim_ex.d" -MT"Drivers/STM32L0xx_HAL_Driver/stm32l0xx_hal_tim_ex.o" --specs=nano.specs -mfloat-abi=soft -mthumb -o "Drivers/STM32L0xx_HAL_Driver/stm32l0xx_hal_tim_ex.o"
arm-none-eabi-gcc "C:/Users/Admin/STM32CubeIDE/workspace_1.19.0/i-cube_lrwan/STM32CubeExpansion_LRWAN_V2.1.0/Drivers/STM32L0xx_HAL_Driver/Src/stm32l0xx_hal_uart.c" -mcpu=cortex-m0plus -std=gnu11 -g3 -DUSE_HAL_DRIVER -DSTM32L053xx -DUSE_BAND_868 -DUSE_STM32L0XX_NUCLEO -DUSE_LRWAN_NS1 -DCMD_DEBUG -c -I../../../Core/Inc -I../../../LoRaWAN/App -I../../../../../../../../Drivers/STM32L0xx_HAL_Driver/Inc -I../../../../../../../../Drivers/STM32L0xx_HAL_Driver/Inc/Legacy -I../../../../../../../../Drivers/CMSIS/Include -I../../../../../../../../Drivers/CMSIS/Device/ST/STM32L0xx/Include -I../../../../../../../../Drivers/BSP/Components/Common -I../../../../../../../../Drivers/BSP/Components/hts221 -I../../../../../../../../Drivers/BSP/Components/lps25hb -I../../../../../../../../Drivers/BSP/Components/lps22hb -I../../../../../../../../Drivers/BSP/LRWAN_NS1 -I../../../../../../../../Drivers/BSP/STM32L0xx_Nucleo -I../../../../../../../../Utilities/lpm/tiny_lpm -I../../../../../../../../Utilities/misc -I../../../../../../../../Utilities/timer -Os -ffunction-sections -Wall -fstack-usage -fcyclomatic-complexity -MMD -MP -MF"Drivers/STM32L0xx_HAL_Driver/stm32l0xx_hal_uart.d" -MT"Drivers/STM32L0xx_HAL_Driver/stm32l0xx_hal_uart.o" --specs=nano.specs -mfloat-abi=soft -mthumb -o "Drivers/STM32L0xx_HAL_Driver/stm32l0xx_hal_uart.o"
arm-none-eabi-gcc "C:/Users/Admin/STM32CubeIDE/workspace_1.19.0/i-cube_lrwan/STM32CubeExpansion_LRWAN_V2.1.0/Drivers/STM32L0xx_HAL_Driver/Src/stm32l0xx_hal_uart_ex.c" -mcpu=cortex-m0plus -std=gnu11 -g3 -DUSE_HAL_DRIVER -DSTM32L053xx -DUSE_BAND_868 -DUSE_STM32L0XX_NUCLEO -DUSE_LRWAN_NS1 -DCMD_DEBUG -c -I../../../Core/Inc -I../../../LoRaWAN/App -I../../../../../../../../Drivers/STM32L0xx_HAL_Driver/Inc -I../../../../../../../../Drivers/STM32L0xx_HAL_Driver/Inc/Legacy -I../../../../../../../../Drivers/CMSIS/Include -I../../../../../../../../Drivers/CMSIS/Device/ST/STM32L0xx/Include -I../../../../../../../../Drivers/BSP/Components/Common -I../../../../../../../../Drivers/BSP/Components/hts221 -I../../../../../../../../Drivers/BSP/Components/lps25hb -I../../../../../../../../Drivers/BSP/Components/lps22hb -I../../../../../../../../Drivers/BSP/LRWAN_NS1 -I../../../../../../../../Drivers/BSP/STM32L0xx_Nucleo -I../../../../../../../../Utilities/lpm/tiny_lpm -I../../../../../../../../Utilities/misc -I../../../../../../../../Utilities/timer -Os -ffunction-sections -Wall -fstack-usage -fcyclomatic-complexity -MMD -MP -MF"Drivers/STM32L0xx_HAL_Driver/stm32l0xx_hal_uart_ex.d" -MT"Drivers/STM32L0xx_HAL_Driver/stm32l0xx_hal_uart_ex.o" --specs=nano.specs -mfloat-abi=soft -mthumb -o "Drivers/STM32L0xx_HAL_Driver/stm32l0xx_hal_uart_ex.o"
arm-none-eabi-gcc "C:/Users/Admin/STM32CubeIDE/workspace_1.19.0/i-cube_lrwan/STM32CubeExpansion_LRWAN_V2.1.0/Drivers/CMSIS/Device/ST/STM32L0xx/Source/Templates/system_stm32l0xx.c" -mcpu=cortex-m0plus -std=gnu11 -g3 -DUSE_HAL_DRIVER -DSTM32L053xx -DUSE_BAND_868 -DUSE_STM32L0XX_NUCLEO -DUSE_LRWAN_NS1 -DCMD_DEBUG -c -I../../../Core/Inc -I../../../LoRaWAN/App -I../../../../../../../../Drivers/STM32L0xx_HAL_Driver/Inc -I../../../../../../../../Drivers/STM32L0xx_HAL_Driver/Inc/Legacy -I../../../../../../../../Drivers/CMSIS/Include -I../../../../../../../../Drivers/CMSIS/Device/ST/STM32L0xx/Include -I../../../../../../../../Drivers/BSP/Components/Common -I../../../../../../../../Drivers/BSP/Components/hts221 -I../../../../../../../../Drivers/BSP/Components/lps25hb -I../../../../../../../../Drivers/BSP/Components/lps22hb -I../../../../../../../../Drivers/BSP/LRWAN_NS1 -I../../../../../../../../Drivers/BSP/STM32L0xx_Nucleo -I../../../../../../../../Utilities/lpm/tiny_lpm -I../../../../../../../../Utilities/misc -I../../../../../../../../Utilities/timer -Os -ffunction-sections -Wall -fstack-usage -fcyclomatic-complexity -MMD -MP -MF"Drivers/CMSIS/system_stm32l0xx.d" -MT"Drivers/CMSIS/system_stm32l0xx.o" --specs=nano.specs -mfloat-abi=soft -mthumb -o "Drivers/CMSIS/system_stm32l0xx.o"
arm-none-eabi-gcc "C:/Users/Admin/STM32CubeIDE/workspace_1.19.0/i-cube_lrwan/STM32CubeExpansion_LRWAN_V2.1.0/Drivers/BSP/STM32L0xx_Nucleo/stm32l0xx_nucleo.c" -mcpu=cortex-m0plus -std=gnu11 -g3 -DUSE_HAL_DRIVER -DSTM32L053xx -DUSE_BAND_868 -DUSE_STM32L0XX_NUCLEO -DUSE_LRWAN_NS1 -DCMD_DEBUG -c -I../../../Core/Inc -I../../../LoRaWAN/App -I../../../../../../../../Drivers/STM32L0xx_HAL_Driver/Inc -I../../../../../../../../Drivers/STM32L0xx_HAL_Driver/Inc/Legacy -I../../../../../../../../Drivers/CMSIS/Include -I../../../../../../../../Drivers/CMSIS/Device/ST/STM32L0xx/Include -I../../../../../../../../Drivers/BSP/Components/Common -I../../../../../../../../Drivers/BSP/Components/hts221 -I../../../../../../../../Drivers/BSP/Components/lps25hb -I../../../../../../../../Drivers/BSP/Components/lps22hb -I../../../../../../../../Drivers/BSP/LRWAN_NS1 -I../../../../../../../../Drivers/BSP/STM32L0xx_Nucleo -I../../../../../../../../Utilities/lpm/tiny_lpm -I../../../../../../../../Utilities/misc -I../../../../../../../../Utilities/timer -Os -ffunction-sections -Wall -fstack-usage -fcyclomatic-complexity -MMD -MP -MF"Drivers/BSP/STM32L0xx_Nucleo/stm32l0xx_nucleo.d" -MT"Drivers/BSP/STM32L0xx_Nucleo/stm32l0xx_nucleo.o" --specs=nano.specs -mfloat-abi=soft -mthumb -o "Drivers/BSP/STM32L0xx_Nucleo/stm32l0xx_nucleo.o"
arm-none-eabi-gcc "C:/Users/Admin/STM32CubeIDE/workspace_1.19.0/i-cube_lrwan/STM32CubeExpansion_LRWAN_V2.1.0/Drivers/BSP/LRWAN_NS1/lrwan_ns1.c" -mcpu=cortex-m0plus -std=gnu11 -g3 -DUSE_HAL_DRIVER -DSTM32L053xx -DUSE_BAND_868 -DUSE_STM32L0XX_NUCLEO -DUSE_LRWAN_NS1 -DCMD_DEBUG -c -I../../../Core/Inc -I../../../LoRaWAN/App -I../../../../../../../../Drivers/STM32L0xx_HAL_Driver/Inc -I../../../../../../../../Drivers/STM32L0xx_HAL_Driver/Inc/Legacy -I../../../../../../../../Drivers/CMSIS/Include -I../../../../../../../../Drivers/CMSIS/Device/ST/STM32L0xx/Include -I../../../../../../../../Drivers/BSP/Components/Common -I../../../../../../../../Drivers/BSP/Components/hts221 -I../../../../../../../../Drivers/BSP/Components/lps25hb -I../../../../../../../../Drivers/BSP/Components/lps22hb -I../../../../../../../../Drivers/BSP/LRWAN_NS1 -I../../../../../../../../Drivers/BSP/STM32L0xx_Nucleo -I../../../../../../../../Utilities/lpm/tiny_lpm -I../../../../../../../../Utilities/misc -I../../../../../../../../Utilities/timer -Os -ffunction-sections -Wall -fstack-usage -fcyclomatic-complexity -MMD -MP -MF"Drivers/BSP/LRWAN_NS1/lrwan_ns1.d" -MT"Drivers/BSP/LRWAN_NS1/lrwan_ns1.o" --specs=nano.specs -mfloat-abi=soft -mthumb -o "Drivers/BSP/LRWAN_NS1/lrwan_ns1.o"
arm-none-eabi-gcc "C:/Users/Admin/STM32CubeIDE/workspace_1.19.0/i-cube_lrwan/STM32CubeExpansion_LRWAN_V2.1.0/Drivers/BSP/LRWAN_NS1/lrwan_ns1_atcmd.c" -mcpu=cortex-m0plus -std=gnu11 -g3 -DUSE_HAL_DRIVER -DSTM32L053xx -DUSE_BAND_868 -DUSE_STM32L0XX_NUCLEO -DUSE_LRWAN_NS1 -DCMD_DEBUG -c -I../../../Core/Inc -I../../../LoRaWAN/App -I../../../../../../../../Drivers/STM32L0xx_HAL_Driver/Inc -I../../../../../../../../Drivers/STM32L0xx_HAL_Driver/Inc/Legacy -I../../../../../../../../Drivers/CMSIS/Include -I../../../../../../../../Drivers/CMSIS/Device/ST/STM32L0xx/Include -I../../../../../../../../Drivers/BSP/Components/Common -I../../../../../../../../Drivers/BSP/Components/hts221 -I../../../../../../../../Drivers/BSP/Components/lps25hb -I../../../../../../../../Drivers/BSP/Components/lps22hb -I../../../../../../../../Drivers/BSP/LRWAN_NS1 -I../../../../../../../../Drivers/BSP/STM32L0xx_Nucleo -I../../../../../../../../Utilities/lpm/tiny_lpm -I../../../../../../../../Utilities/misc -I../../../../../../../../Utilities/timer -Os -ffunction-sections -Wall -fstack-usage -fcyclomatic-complexity -MMD -MP -MF"Drivers/BSP/LRWAN_NS1/lrwan_ns1_atcmd.d" -MT"Drivers/BSP/LRWAN_NS1/lrwan_ns1_atcmd.o" --specs=nano.specs -mfloat-abi=soft -mthumb -o "Drivers/BSP/LRWAN_NS1/lrwan_ns1_atcmd.o"
arm-none-eabi-gcc "C:/Users/Admin/STM32CubeIDE/workspace_1.19.0/i-cube_lrwan/STM32CubeExpansion_LRWAN_V2.1.0/Drivers/BSP/LRWAN_NS1/lrwan_ns1_humidity.c" -mcpu=cortex-m0plus -std=gnu11 -g3 -DUSE_HAL_DRIVER -DSTM32L053xx -DUSE_BAND_868 -DUSE_STM32L0XX_NUCLEO -DUSE_LRWAN_NS1 -DCMD_DEBUG -c -I../../../Core/Inc -I../../../LoRaWAN/App -I../../../../../../../../Drivers/STM32L0xx_HAL_Driver/Inc -I../../../../../../../../Drivers/STM32L0xx_HAL_Driver/Inc/Legacy -I../../../../../../../../Drivers/CMSIS/Include -I../../../../../../../../Drivers/CMSIS/Device/ST/STM32L0xx/Include -I../../../../../../../../Drivers/BSP/Components/Common -I../../../../../../../../Drivers/BSP/Components/hts221 -I../../../../../../../../Drivers/BSP/Components/lps25hb -I../../../../../../../../Drivers/BSP/Components/lps22hb -I../../../../../../../../Drivers/BSP/LRWAN_NS1 -I../../../../../../../../Drivers/BSP/STM32L0xx_Nucleo -I../../../../../../../../Utilities/lpm/tiny_lpm -I../../../../../../../../Utilities/misc -I../../../../../../../../Utilities/timer -Os -ffunction-sections -Wall -fstack-usage -fcyclomatic-complexity -MMD -MP -MF"Drivers/BSP/LRWAN_NS1/lrwan_ns1_humidity.d" -MT"Drivers/BSP/LRWAN_NS1/lrwan_ns1_humidity.o" --specs=nano.specs -mfloat-abi=soft -mthumb -o "Drivers/BSP/LRWAN_NS1/lrwan_ns1_humidity.o"
arm-none-eabi-gcc "C:/Users/Admin/STM32CubeIDE/workspace_1.19.0/i-cube_lrwan/STM32CubeExpansion_LRWAN_V2.1.0/Drivers/BSP/LRWAN_NS1/lrwan_ns1_pressure.c" -mcpu=cortex-m0plus -std=gnu11 -g3 -DUSE_HAL_DRIVER -DSTM32L053xx -DUSE_BAND_868 -DUSE_STM32L0XX_NUCLEO -DUSE_LRWAN_NS1 -DCMD_DEBUG -c -I../../../Core/Inc -I../../../LoRaWAN/App -I../../../../../../../../Drivers/STM32L0xx_HAL_Driver/Inc -I../../../../../../../../Drivers/STM32L0xx_HAL_Driver/Inc/Legacy -I../../../../../../../../Drivers/CMSIS/Include -I../../../../../../../../Drivers/CMSIS/Device/ST/STM32L0xx/Include -I../../../../../../../../Drivers/BSP/Components/Common -I../../../../../../../../Drivers/BSP/Components/hts221 -I../../../../../../../../Drivers/BSP/Components/lps25hb -I../../../../../../../../Drivers/BSP/Components/lps22hb -I../../../../../../../../Drivers/BSP/LRWAN_NS1 -I../../../../../../../../Drivers/BSP/STM32L0xx_Nucleo -I../../../../../../../../Utilities/lpm/tiny_lpm -I../../../../../../../../Utilities/misc -I../../../../../../../../Utilities/timer -Os -ffunction-sections -Wall -fstack-usage -fcyclomatic-complexity -MMD -MP -MF"Drivers/BSP/LRWAN_NS1/lrwan_ns1_pressure.d" -MT"Drivers/BSP/LRWAN_NS1/lrwan_ns1_pressure.o" --specs=nano.specs -mfloat-abi=soft -mthumb -o "Drivers/BSP/LRWAN_NS1/lrwan_ns1_pressure.o"
arm-none-eabi-gcc "C:/Users/Admin/STM32CubeIDE/workspace_1.19.0/i-cube_lrwan/STM32CubeExpansion_LRWAN_V2.1.0/Drivers/BSP/LRWAN_NS1/lrwan_ns1_temperature.c" -mcpu=cortex-m0plus -std=gnu11 -g3 -DUSE_HAL_DRIVER -DSTM32L053xx -DUSE_BAND_868 -DUSE_STM32L0XX_NUCLEO -DUSE_LRWAN_NS1 -DCMD_DEBUG -c -I../../../Core/Inc -I../../../LoRaWAN/App -I../../../../../../../../Drivers/STM32L0xx_HAL_Driver/Inc -I../../../../../../../../Drivers/STM32L0xx_HAL_Driver/Inc/Legacy -I../../../../../../../../Drivers/CMSIS/Include -I../../../../../../../../Drivers/CMSIS/Device/ST/STM32L0xx/Include -I../../../../../../../../Drivers/BSP/Components/Common -I../../../../../../../../Drivers/BSP/Components/hts221 -I../../../../../../../../Drivers/BSP/Components/lps25hb -I../../../../../../../../Drivers/BSP/Components/lps22hb -I../../../../../../../../Drivers/BSP/LRWAN_NS1 -I../../../../../../../../Drivers/BSP/STM32L0xx_Nucleo -I../../../../../../../../Utilities/lpm/tiny_lpm -I../../../../../../../../Utilities/misc -I../../../../../../../../Utilities/timer -Os -ffunction-sections -Wall -fstack-usage -fcyclomatic-complexity -MMD -MP -MF"Drivers/BSP/LRWAN_NS1/lrwan_ns1_temperature.d" -MT"Drivers/BSP/LRWAN_NS1/lrwan_ns1_temperature.o" --specs=nano.specs -mfloat-abi=soft -mthumb -o "Drivers/BSP/LRWAN_NS1/lrwan_ns1_temperature.o"
arm-none-eabi-gcc "C:/Users/Admin/STM32CubeIDE/workspace_1.19.0/i-cube_lrwan/STM32CubeExpansion_LRWAN_V2.1.0/Drivers/BSP/Components/hts221/HTS221_Driver.c" -mcpu=cortex-m0plus -std=gnu11 -g3 -DUSE_HAL_DRIVER -DSTM32L053xx -DUSE_BAND_868 -DUSE_STM32L0XX_NUCLEO -DUSE_LRWAN_NS1 -DCMD_DEBUG -c -I../../../Core/Inc -I../../../LoRaWAN/App -I../../../../../../../../Drivers/STM32L0xx_HAL_Driver/Inc -I../../../../../../../../Drivers/STM32L0xx_HAL_Driver/Inc/Legacy -I../../../../../../../../Drivers/CMSIS/Include -I../../../../../../../../Drivers/CMSIS/Device/ST/STM32L0xx/Include -I../../../../../../../../Drivers/BSP/Components/Common -I../../../../../../../../Drivers/BSP/Components/hts221 -I../../../../../../../../Drivers/BSP/Components/lps25hb -I../../../../../../../../Drivers/BSP/Components/lps22hb -I../../../../../../../../Drivers/BSP/LRWAN_NS1 -I../../../../../../../../Drivers/BSP/STM32L0xx_Nucleo -I../../../../../../../../Utilities/lpm/tiny_lpm -I../../../../../../../../Utilities/misc -I../../../../../../../../Utilities/timer -Os -ffunction-sections -Wall -fstack-usage -fcyclomatic-complexity -MMD -MP -MF"Drivers/BSP/Components/HTS221_Driver.d" -MT"Drivers/BSP/Components/HTS221_Driver.o" --specs=nano.specs -mfloat-abi=soft -mthumb -o "Drivers/BSP/Components/HTS221_Driver.o"
arm-none-eabi-gcc "C:/Users/Admin/STM32CubeIDE/workspace_1.19.0/i-cube_lrwan/STM32CubeExpansion_LRWAN_V2.1.0/Drivers/BSP/Components/hts221/HTS221_Driver_HL.c" -mcpu=cortex-m0plus -std=gnu11 -g3 -DUSE_HAL_DRIVER -DSTM32L053xx -DUSE_BAND_868 -DUSE_STM32L0XX_NUCLEO -DUSE_LRWAN_NS1 -DCMD_DEBUG -c -I../../../Core/Inc -I../../../LoRaWAN/App -I../../../../../../../../Drivers/STM32L0xx_HAL_Driver/Inc -I../../../../../../../../Drivers/STM32L0xx_HAL_Driver/Inc/Legacy -I../../../../../../../../Drivers/CMSIS/Include -I../../../../../../../../Drivers/CMSIS/Device/ST/STM32L0xx/Include -I../../../../../../../../Drivers/BSP/Components/Common -I../../../../../../../../Drivers/BSP/Components/hts221 -I../../../../../../../../Drivers/BSP/Components/lps25hb -I../../../../../../../../Drivers/BSP/Components/lps22hb -I../../../../../../../../Drivers/BSP/LRWAN_NS1 -I../../../../../../../../Drivers/BSP/STM32L0xx_Nucleo -I../../../../../../../../Utilities/lpm/tiny_lpm -I../../../../../../../../Utilities/misc -I../../../../../../../../Utilities/timer -Os -ffunction-sections -Wall -fstack-usage -fcyclomatic-complexity -MMD -MP -MF"Drivers/BSP/Components/HTS221_Driver_HL.d" -MT"Drivers/BSP/Components/HTS221_Driver_HL.o" --specs=nano.specs -mfloat-abi=soft -mthumb -o "Drivers/BSP/Components/HTS221_Driver_HL.o"
arm-none-eabi-gcc "C:/Users/Admin/STM32CubeIDE/workspace_1.19.0/i-cube_lrwan/STM32CubeExpansion_LRWAN_V2.1.0/Drivers/BSP/Components/lps22hb/LPS22HB_Driver.c" -mcpu=cortex-m0plus -std=gnu11 -g3 -DUSE_HAL_DRIVER -DSTM32L053xx -DUSE_BAND_868 -DUSE_STM32L0XX_NUCLEO -DUSE_LRWAN_NS1 -DCMD_DEBUG -c -I../../../Core/Inc -I../../../LoRaWAN/App -I../../../../../../../../Drivers/STM32L0xx_HAL_Driver/Inc -I../../../../../../../../Drivers/STM32L0xx_HAL_Driver/Inc/Legacy -I../../../../../../../../Drivers/CMSIS/Include -I../../../../../../../../Drivers/CMSIS/Device/ST/STM32L0xx/Include -I../../../../../../../../Drivers/BSP/Components/Common -I../../../../../../../../Drivers/BSP/Components/hts221 -I../../../../../../../../Drivers/BSP/Components/lps25hb -I../../../../../../../../Drivers/BSP/Components/lps22hb -I../../../../../../../../Drivers/BSP/LRWAN_NS1 -I../../../../../../../../Drivers/BSP/STM32L0xx_Nucleo -I../../../../../../../../Utilities/lpm/tiny_lpm -I../../../../../../../../Utilities/misc -I../../../../../../../../Utilities/timer -Os -ffunction-sections -Wall -fstack-usage -fcyclomatic-complexity -MMD -MP -MF"Drivers/BSP/Components/LPS22HB_Driver.d" -MT"Drivers/BSP/Components/LPS22HB_Driver.o" --specs=nano.specs -mfloat-abi=soft -mthumb -o "Drivers/BSP/Components/LPS22HB_Driver.o"
arm-none-eabi-gcc "C:/Users/Admin/STM32CubeIDE/workspace_1.19.0/i-cube_lrwan/STM32CubeExpansion_LRWAN_V2.1.0/Drivers/BSP/Components/lps22hb/LPS22HB_Driver_HL.c" -mcpu=cortex-m0plus -std=gnu11 -g3 -DUSE_HAL_DRIVER -DSTM32L053xx -DUSE_BAND_868 -DUSE_STM32L0XX_NUCLEO -DUSE_LRWAN_NS1 -DCMD_DEBUG -c -I../../../Core/Inc -I../../../LoRaWAN/App -I../../../../../../../../Drivers/STM32L0xx_HAL_Driver/Inc -I../../../../../../../../Drivers/STM32L0xx_HAL_Driver/Inc/Legacy -I../../../../../../../../Drivers/CMSIS/Include -I../../../../../../../../Drivers/CMSIS/Device/ST/STM32L0xx/Include -I../../../../../../../../Drivers/BSP/Components/Common -I../../../../../../../../Drivers/BSP/Components/hts221 -I../../../../../../../../Drivers/BSP/Components/lps25hb -I../../../../../../../../Drivers/BSP/Components/lps22hb -I../../../../../../../../Drivers/BSP/LRWAN_NS1 -I../../../../../../../../Drivers/BSP/STM32L0xx_Nucleo -I../../../../../../../../Utilities/lpm/tiny_lpm -I../../../../../../../../Utilities/misc -I../../../../../../../../Utilities/timer -Os -ffunction-sections -Wall -fstack-usage -fcyclomatic-complexity -MMD -MP -MF"Drivers/BSP/Components/LPS22HB_Driver_HL.d" -MT"Drivers/BSP/Components/LPS22HB_Driver_HL.o" --specs=nano.specs -mfloat-abi=soft -mthumb -o "Drivers/BSP/Components/LPS22HB_Driver_HL.o"
arm-none-eabi-gcc "C:/Users/Admin/STM32CubeIDE/workspace_1.19.0/i-cube_lrwan/STM32CubeExpansion_LRWAN_V2.1.0/Drivers/BSP/Components/lps25hb/LPS25HB_Driver.c" -mcpu=cortex-m0plus -std=gnu11 -g3 -DUSE_HAL_DRIVER -DSTM32L053xx -DUSE_BAND_868 -DUSE_STM32L0XX_NUCLEO -DUSE_LRWAN_NS1 -DCMD_DEBUG -c -I../../../Core/Inc -I../../../LoRaWAN/App -I../../../../../../../../Drivers/STM32L0xx_HAL_Driver/Inc -I../../../../../../../../Drivers/STM32L0xx_HAL_Driver/Inc/Legacy -I../../../../../../../../Drivers/CMSIS/Include -I../../../../../../../../Drivers/CMSIS/Device/ST/STM32L0xx/Include -I../../../../../../../../Drivers/BSP/Components/Common -I../../../../../../../../Drivers/BSP/Components/hts221 -I../../../../../../../../Drivers/BSP/Components/lps25hb -I../../../../../../../../Drivers/BSP/Components/lps22hb -I../../../../../../../../Drivers/BSP/LRWAN_NS1 -I../../../../../../../../Drivers/BSP/STM32L0xx_Nucleo -I../../../../../../../../Utilities/lpm/tiny_lpm -I../../../../../../../../Utilities/misc -I../../../../../../../../Utilities/timer -Os -ffunction-sections -Wall -fstack-usage -fcyclomatic-complexity -MMD -MP -MF"Drivers/BSP/Components/LPS25HB_Driver.d" -MT"Drivers/BSP/Components/LPS25HB_Driver.o" --specs=nano.specs -mfloat-abi=soft -mthumb -o "Drivers/BSP/Components/LPS25HB_Driver.o"
arm-none-eabi-gcc "C:/Users/Admin/STM32CubeIDE/workspace_1.19.0/i-cube_lrwan/STM32CubeExpansion_LRWAN_V2.1.0/Drivers/BSP/Components/lps25hb/LPS25HB_Driver_HL.c" -mcpu=cortex-m0plus -std=gnu11 -g3 -DUSE_HAL_DRIVER -DSTM32L053xx -DUSE_BAND_868 -DUSE_STM32L0XX_NUCLEO -DUSE_LRWAN_NS1 -DCMD_DEBUG -c -I../../../Core/Inc -I../../../LoRaWAN/App -I../../../../../../../../Drivers/STM32L0xx_HAL_Driver/Inc -I../../../../../../../../Drivers/STM32L0xx_HAL_Driver/Inc/Legacy -I../../../../../../../../Drivers/CMSIS/Include -I../../../../../../../../Drivers/CMSIS/Device/ST/STM32L0xx/Include -I../../../../../../../../Drivers/BSP/Components/Common -I../../../../../../../../Drivers/BSP/Components/hts221 -I../../../../../../../../Drivers/BSP/Components/lps25hb -I../../../../../../../../Drivers/BSP/Components/lps22hb -I../../../../../../../../Drivers/BSP/LRWAN_NS1 -I../../../../../../../../Drivers/BSP/STM32L0xx_Nucleo -I../../../../../../../../Utilities/lpm/tiny_lpm -I../../../../../../../../Utilities/misc -I../../../../../../../../Utilities/timer -Os -ffunction-sections -Wall -fstack-usage -fcyclomatic-complexity -MMD -MP -MF"Drivers/BSP/Components/LPS25HB_Driver_HL.d" -MT"Drivers/BSP/Components/LPS25HB_Driver_HL.o" --specs=nano.specs -mfloat-abi=soft -mthumb -o "Drivers/BSP/Components/LPS25HB_Driver_HL.o"
arm-none-eabi-gcc -mcpu=cortex-m0plus -g3 -c -x assembler-with-cpp -MMD -MP -MF"Application/SW4STM32/startup_stm32l053xx.d" -MT"Application/SW4STM32/startup_stm32l053xx.o" --specs=nano.specs -mfloat-abi=soft -mthumb -o "Application/SW4STM32/startup_stm32l053xx.o" "C:/Users/Admin/STM32CubeIDE/workspace_1.19.0/i-cube_lrwan/STM32CubeExpansion_LRWAN_V2.1.0/Projects/NUCLEO-L053R8/Applications/LoRaWAN/LoRaWAN_AT_Master/STM32CubeIDE/startup_stm32l053xx.s"
arm-none-eabi-gcc "C:/Users/Admin/STM32CubeIDE/workspace_1.19.0/i-cube_lrwan/STM32CubeExpansion_LRWAN_V2.1.0/Projects/NUCLEO-L053R8/Applications/LoRaWAN/LoRaWAN_AT_Master/STM32CubeIDE/syscalls.c" -mcpu=cortex-m0plus -std=gnu11 -g3 -DUSE_HAL_DRIVER -DSTM32L053xx -DUSE_BAND_868 -DUSE_STM32L0XX_NUCLEO -DUSE_LRWAN_NS1 -DCMD_DEBUG -c -I../../../Core/Inc -I../../../LoRaWAN/App -I../../../../../../../../Drivers/STM32L0xx_HAL_Driver/Inc -I../../../../../../../../Drivers/STM32L0xx_HAL_Driver/Inc/Legacy -I../../../../../../../../Drivers/CMSIS/Include -I../../../../../../../../Drivers/CMSIS/Device/ST/STM32L0xx/Include -I../../../../../../../../Drivers/BSP/Components/Common -I../../../../../../../../Drivers/BSP/Components/hts221 -I../../../../../../../../Drivers/BSP/Components/lps25hb -I../../../../../../../../Drivers/BSP/Components/lps22hb -I../../../../../../../../Drivers/BSP/LRWAN_NS1 -I../../../../../../../../Drivers/BSP/STM32L0xx_Nucleo -I../../../../../../../../Utilities/lpm/tiny_lpm -I../../../../../../../../Utilities/misc -I../../../../../../../../Utilities/timer -Os -ffunction-sections -Wall -fstack-usage -fcyclomatic-complexity -MMD -MP -MF"Application/SW4STM32/syscalls.d" -MT"Application/SW4STM32/syscalls.o" --specs=nano.specs -mfloat-abi=soft -mthumb -o "Application/SW4STM32/syscalls.o"
arm-none-eabi-gcc "C:/Users/Admin/STM32CubeIDE/workspace_1.19.0/i-cube_lrwan/STM32CubeExpansion_LRWAN_V2.1.0/Projects/NUCLEO-L053R8/Applications/LoRaWAN/LoRaWAN_AT_Master/Core/Src/adc.c" -mcpu=cortex-m0plus -std=gnu11 -g3 -DUSE_HAL_DRIVER -DSTM32L053xx -DUSE_BAND_868 -DUSE_STM32L0XX_NUCLEO -DUSE_LRWAN_NS1 -DCMD_DEBUG -c -I../../../Core/Inc -I../../../LoRaWAN/App -I../../../../../../../../Drivers/STM32L0xx_HAL_Driver/Inc -I../../../../../../../../Drivers/STM32L0xx_HAL_Driver/Inc/Legacy -I../../../../../../../../Drivers/CMSIS/Include -I../../../../../../../../Drivers/CMSIS/Device/ST/STM32L0xx/Include -I../../../../../../../../Drivers/BSP/Components/Common -I../../../../../../../../Drivers/BSP/Components/hts221 -I../../../../../../../../Drivers/BSP/Components/lps25hb -I../../../../../../../../Drivers/BSP/Components/lps22hb -I../../../../../../../../Drivers/BSP/LRWAN_NS1 -I../../../../../../../../Drivers/BSP/STM32L0xx_Nucleo -I../../../../../../../../Utilities/lpm/tiny_lpm -I../../../../../../../../Utilities/misc -I../../../../../../../../Utilities/timer -Os -ffunction-sections -Wall -fstack-usage -fcyclomatic-complexity -MMD -MP -MF"Application/Core/adc.d" -MT"Application/Core/adc.o" --specs=nano.specs -mfloat-abi=soft -mthumb -o "Application/Core/adc.o"
arm-none-eabi-gcc "C:/Users/Admin/STM32CubeIDE/workspace_1.19.0/i-cube_lrwan/STM32CubeExpansion_LRWAN_V2.1.0/Projects/NUCLEO-L053R8/Applications/LoRaWAN/LoRaWAN_AT_Master/Core/Src/adc_if.c" -mcpu=cortex-m0plus -std=gnu11 -g3 -DUSE_HAL_DRIVER -DSTM32L053xx -DUSE_BAND_868 -DUSE_STM32L0XX_NUCLEO -DUSE_LRWAN_NS1 -DCMD_DEBUG -c -I../../../Core/Inc -I../../../LoRaWAN/App -I../../../../../../../../Drivers/STM32L0xx_HAL_Driver/Inc -I../../../../../../../../Drivers/STM32L0xx_HAL_Driver/Inc/Legacy -I../../../../../../../../Drivers/CMSIS/Include -I../../../../../../../../Drivers/CMSIS/Device/ST/STM32L0xx/Include -I../../../../../../../../Drivers/BSP/Components/Common -I../../../../../../../../Drivers/BSP/Components/hts221 -I../../../../../../../../Drivers/BSP/Components/lps25hb -I../../../../../../../../Drivers/BSP/Components/lps22hb -I../../../../../../../../Drivers/BSP/LRWAN_NS1 -I../../../../../../../../Drivers/BSP/STM32L0xx_Nucleo -I../../../../../../../../Utilities/lpm/tiny_lpm -I../../../../../../../../Utilities/misc -I../../../../../../../../Utilities/timer -Os -ffunction-sections -Wall -fstack-usage -fcyclomatic-complexity -MMD -MP -MF"Application/Core/adc_if.d" -MT"Application/Core/adc_if.o" --specs=nano.specs -mfloat-abi=soft -mthumb -o "Application/Core/adc_if.o"
arm-none-eabi-gcc "C:/Users/Admin/STM32CubeIDE/workspace_1.19.0/i-cube_lrwan/STM32CubeExpansion_LRWAN_V2.1.0/Projects/NUCLEO-L053R8/Applications/LoRaWAN/LoRaWAN_AT_Master/Core/Src/ee.c" -mcpu=cortex-m0plus -std=gnu11 -g3 -DUSE_HAL_DRIVER -DSTM32L053xx -DUSE_BAND_868 -DUSE_STM32L0XX_NUCLEO -DUSE_LRWAN_NS1 -DCMD_DEBUG -c -I../../../Core/Inc -I../../../LoRaWAN/App -I../../../../../../../../Drivers/STM32L0xx_HAL_Driver/Inc -I../../../../../../../../Drivers/STM32L0xx_HAL_Driver/Inc/Legacy -I../../../../../../../../Drivers/CMSIS/Include -I../../../../../../../../Drivers/CMSIS/Device/ST/STM32L0xx/Include -I../../../../../../../../Drivers/BSP/Components/Common -I../../../../../../../../Drivers/BSP/Components/hts221 -I../../../../../../../../Drivers/BSP/Components/lps25hb -I../../../../../../../../Drivers/BSP/Components/lps22hb -I../../../../../../../../Drivers/BSP/LRWAN_NS1 -I../../../../../../../../Drivers/BSP/STM32L0xx_Nucleo -I../../../../../../../../Utilities/lpm/tiny_lpm -I../../../../../../../../Utilities/misc -I../../../../../../../../Utilities/timer -Os -ffunction-sections -Wall -fstack-usage -fcyclomatic-complexity -MMD -MP -MF"Application/Core/ee.d" -MT"Application/Core/ee.o" --specs=nano.specs -mfloat-abi=soft -mthumb -o "Application/Core/ee.o"
arm-none-eabi-gcc "C:/Users/Admin/STM32CubeIDE/workspace_1.19.0/i-cube_lrwan/STM32CubeExpansion_LRWAN_V2.1.0/Projects/NUCLEO-L053R8/Applications/LoRaWAN/LoRaWAN_AT_Master/Core/Src/main.c" -mcpu=cortex-m0plus -std=gnu11 -g3 -DUSE_HAL_DRIVER -DSTM32L053xx -DUSE_BAND_868 -DUSE_STM32L0XX_NUCLEO -DUSE_LRWAN_NS1 -DCMD_DEBUG -c -I../../../Core/Inc -I../../../LoRaWAN/App -I../../../../../../../../Drivers/STM32L0xx_HAL_Driver/Inc -I../../../../../../../../Drivers/STM32L0xx_HAL_Driver/Inc/Legacy -I../../../../../../../../Drivers/CMSIS/Include -I../../../../../../../../Drivers/CMSIS/Device/ST/STM32L0xx/Include -I../../../../../../../../Drivers/BSP/Components/Common -I../../../../../../../../Drivers/BSP/Components/hts221 -I../../../../../../../../Drivers/BSP/Components/lps25hb -I../../../../../../../../Drivers/BSP/Components/lps22hb -I../../../../../../../../Drivers/BSP/LRWAN_NS1 -I../../../../../../../../Drivers/BSP/STM32L0xx_Nucleo -I../../../../../../../../Utilities/lpm/tiny_lpm -I../../../../../../../../Utilities/misc -I../../../../../../../../Utilities/timer -Os -ffunction-sections -Wall -fstack-usage -fcyclomatic-complexity -MMD -MP -MF"Application/Core/main.d" -MT"Application/Core/main.o" --specs=nano.specs -mfloat-abi=soft -mthumb -o "Application/Core/main.o"
arm-none-eabi-gcc "C:/Users/Admin/STM32CubeIDE/workspace_1.19.0/i-cube_lrwan/STM32CubeExpansion_LRWAN_V2.1.0/Projects/NUCLEO-L053R8/Applications/LoRaWAN/LoRaWAN_AT_Master/Core/Src/rtc.c" -mcpu=cortex-m0plus -std=gnu11 -g3 -DUSE_HAL_DRIVER -DSTM32L053xx -DUSE_BAND_868 -DUSE_STM32L0XX_NUCLEO -DUSE_LRWAN_NS1 -DCMD_DEBUG -c -I../../../Core/Inc -I../../../LoRaWAN/App -I../../../../../../../../Drivers/STM32L0xx_HAL_Driver/Inc -I../../../../../../../../Drivers/STM32L0xx_HAL_Driver/Inc/Legacy -I../../../../../../../../Drivers/CMSIS/Include -I../../../../../../../../Drivers/CMSIS/Device/ST/STM32L0xx/Include -I../../../../../../../../Drivers/BSP/Components/Common -I../../../../../../../../Drivers/BSP/Components/hts221 -I../../../../../../../../Drivers/BSP/Components/lps25hb -I../../../../../../../../Drivers/BSP/Components/lps22hb -I../../../../../../../../Drivers/BSP/LRWAN_NS1 -I../../../../../../../../Drivers/BSP/STM32L0xx_Nucleo -I../../../../../../../../Utilities/lpm/tiny_lpm -I../../../../../../../../Utilities/misc -I../../../../../../../../Utilities/timer -Os -ffunction-sections -Wall -fstack-usage -fcyclomatic-complexity -MMD -MP -MF"Application/Core/rtc.d" -MT"Application/Core/rtc.o" --specs=nano.specs -mfloat-abi=soft -mthumb -o "Application/Core/rtc.o"
arm-none-eabi-gcc "C:/Users/Admin/STM32CubeIDE/workspace_1.19.0/i-cube_lrwan/STM32CubeExpansion_LRWAN_V2.1.0/Projects/NUCLEO-L053R8/Applications/LoRaWAN/LoRaWAN_AT_Master/Core/Src/rtc_if.c" -mcpu=cortex-m0plus -std=gnu11 -g3 -DUSE_HAL_DRIVER -DSTM32L053xx -DUSE_BAND_868 -DUSE_STM32L0XX_NUCLEO -DUSE_LRWAN_NS1 -DCMD_DEBUG -c -I../../../Core/Inc -I../../../LoRaWAN/App -I../../../../../../../../Drivers/STM32L0xx_HAL_Driver/Inc -I../../../../../../../../Drivers/STM32L0xx_HAL_Driver/Inc/Legacy -I../../../../../../../../Drivers/CMSIS/Include -I../../../../../../../../Drivers/CMSIS/Device/ST/STM32L0xx/Include -I../../../../../../../../Drivers/BSP/Components/Common -I../../../../../../../../Drivers/BSP/Components/hts221 -I../../../../../../../../Drivers/BSP/Components/lps25hb -I../../../../../../../../Drivers/BSP/Components/lps22hb -I../../../../../../../../Drivers/BSP/LRWAN_NS1 -I../../../../../../../../Drivers/BSP/STM32L0xx_Nucleo -I../../../../../../../../Utilities/lpm/tiny_lpm -I../../../../../../../../Utilities/misc -I../../../../../../../../Utilities/timer -Os -ffunction-sections -Wall -fstack-usage -fcyclomatic-complexity -MMD -MP -MF"Application/Core/rtc_if.d" -MT"Application/Core/rtc_if.o" --specs=nano.specs -mfloat-abi=soft -mthumb -o "Application/Core/rtc_if.o"
arm-none-eabi-gcc "C:/Users/Admin/STM32CubeIDE/workspace_1.19.0/i-cube_lrwan/STM32CubeExpansion_LRWAN_V2.1.0/Projects/NUCLEO-L053R8/Applications/LoRaWAN/LoRaWAN_AT_Master/Core/Src/stm32_lpm_if.c" -mcpu=cortex-m0plus -std=gnu11 -g3 -DUSE_HAL_DRIVER -DSTM32L053xx -DUSE_BAND_868 -DUSE_STM32L0XX_NUCLEO -DUSE_LRWAN_NS1 -DCMD_DEBUG -c -I../../../Core/Inc -I../../../LoRaWAN/App -I../../../../../../../../Drivers/STM32L0xx_HAL_Driver/Inc -I../../../../../../../../Drivers/STM32L0xx_HAL_Driver/Inc/Legacy -I../../../../../../../../Drivers/CMSIS/Include -I../../../../../../../../Drivers/CMSIS/Device/ST/STM32L0xx/Include -I../../../../../../../../Drivers/BSP/Components/Common -I../../../../../../../../Drivers/BSP/Components/hts221 -I../../../../../../../../Drivers/BSP/Components/lps25hb -I../../../../../../../../Drivers/BSP/Components/lps22hb -I../../../../../../../../Drivers/BSP/LRWAN_NS1 -I../../../../../../../../Drivers/BSP/STM32L0xx_Nucleo -I../../../../../../../../Utilities/lpm/tiny_lpm -I../../../../../../../../Utilities/misc -I../../../../../../../../Utilities/timer -Os -ffunction-sections -Wall -fstack-usage -fcyclomatic-complexity -MMD -MP -MF"Application/Core/stm32_lpm_if.d" -MT"Application/Core/stm32_lpm_if.o" --specs=nano.specs -mfloat-abi=soft -mthumb -o "Application/Core/stm32_lpm_if.o"
arm-none-eabi-gcc "C:/Users/Admin/STM32CubeIDE/workspace_1.19.0/i-cube_lrwan/STM32CubeExpansion_LRWAN_V2.1.0/Projects/NUCLEO-L053R8/Applications/LoRaWAN/LoRaWAN_AT_Master/Core/Src/stm32l0xx_hal_msp.c" -mcpu=cortex-m0plus -std=gnu11 -g3 -DUSE_HAL_DRIVER -DSTM32L053xx -DUSE_BAND_868 -DUSE_STM32L0XX_NUCLEO -DUSE_LRWAN_NS1 -DCMD_DEBUG -c -I../../../Core/Inc -I../../../LoRaWAN/App -I../../../../../../../../Drivers/STM32L0xx_HAL_Driver/Inc -I../../../../../../../../Drivers/STM32L0xx_HAL_Driver/Inc/Legacy -I../../../../../../../../Drivers/CMSIS/Include -I../../../../../../../../Drivers/CMSIS/Device/ST/STM32L0xx/Include -I../../../../../../../../Drivers/BSP/Components/Common -I../../../../../../../../Drivers/BSP/Components/hts221 -I../../../../../../../../Drivers/BSP/Components/lps25hb -I../../../../../../../../Drivers/BSP/Components/lps22hb -I../../../../../../../../Drivers/BSP/LRWAN_NS1 -I../../../../../../../../Drivers/BSP/STM32L0xx_Nucleo -I../../../../../../../../Utilities/lpm/tiny_lpm -I../../../../../../../../Utilities/misc -I../../../../../../../../Utilities/timer -Os -ffunction-sections -Wall -fstack-usage -fcyclomatic-complexity -MMD -MP -MF"Application/Core/stm32l0xx_hal_msp.d" -MT"Application/Core/stm32l0xx_hal_msp.o" --specs=nano.specs -mfloat-abi=soft -mthumb -o "Application/Core/stm32l0xx_hal_msp.o"
arm-none-eabi-gcc "C:/Users/Admin/STM32CubeIDE/workspace_1.19.0/i-cube_lrwan/STM32CubeExpansion_LRWAN_V2.1.0/Projects/NUCLEO-L053R8/Applications/LoRaWAN/LoRaWAN_AT_Master/Core/Src/stm32l0xx_it.c" -mcpu=cortex-m0plus -std=gnu11 -g3 -DUSE_HAL_DRIVER -DSTM32L053xx -DUSE_BAND_868 -DUSE_STM32L0XX_NUCLEO -DUSE_LRWAN_NS1 -DCMD_DEBUG -c -I../../../Core/Inc -I../../../LoRaWAN/App -I../../../../../../../../Drivers/STM32L0xx_HAL_Driver/Inc -I../../../../../../../../Drivers/STM32L0xx_HAL_Driver/Inc/Legacy -I../../../../../../../../Drivers/CMSIS/Include -I../../../../../../../../Drivers/CMSIS/Device/ST/STM32L0xx/Include -I../../../../../../../../Drivers/BSP/Components/Common -I../../../../../../../../Drivers/BSP/Components/hts221 -I../../../../../../../../Drivers/BSP/Components/lps25hb -I../../../../../../../../Drivers/BSP/Components/lps22hb -I../../../../../../../../Drivers/BSP/LRWAN_NS1 -I../../../../../../../../Drivers/BSP/STM32L0xx_Nucleo -I../../../../../../../../Utilities/lpm/tiny_lpm -I../../../../../../../../Utilities/misc -I../../../../../../../../Utilities/timer -Os -ffunction-sections -Wall -fstack-usage -fcyclomatic-complexity -MMD -MP -MF"Application/Core/stm32l0xx_it.d" -MT"Application/Core/stm32l0xx_it.o" --specs=nano.specs -mfloat-abi=soft -mthumb -o "Application/Core/stm32l0xx_it.o"
arm-none-eabi-gcc "C:/Users/Admin/STM32CubeIDE/workspace_1.19.0/i-cube_lrwan/STM32CubeExpansion_LRWAN_V2.1.0/Projects/NUCLEO-L053R8/Applications/LoRaWAN/LoRaWAN_AT_Master/Core/Src/sys_app.c" -mcpu=cortex-m0plus -std=gnu11 -g3 -DUSE_HAL_DRIVER -DSTM32L053xx -DUSE_BAND_868 -DUSE_STM32L0XX_NUCLEO -DUSE_LRWAN_NS1 -DCMD_DEBUG -c -I../../../Core/Inc -I../../../LoRaWAN/App -I../../../../../../../../Drivers/STM32L0xx_HAL_Driver/Inc -I../../../../../../../../Drivers/STM32L0xx_HAL_Driver/Inc/Legacy -I../../../../../../../../Drivers/CMSIS/Include -I../../../../../../../../Drivers/CMSIS/Device/ST/STM32L0xx/Include -I../../../../../../../../Drivers/BSP/Components/Common -I../../../../../../../../Drivers/BSP/Components/hts221 -I../../../../../../../../Drivers/BSP/Components/lps25hb -I../../../../../../../../Drivers/BSP/Components/lps22hb -I../../../../../../../../Drivers/BSP/LRWAN_NS1 -I../../../../../../../../Drivers/BSP/STM32L0xx_Nucleo -I../../../../../../../../Utilities/lpm/tiny_lpm -I../../../../../../../../Utilities/misc -I../../../../../../../../Utilities/timer -Os -ffunction-sections -Wall -fstack-usage -fcyclomatic-complexity -MMD -MP -MF"Application/Core/sys_app.d" -MT"Application/Core/sys_app.o" --specs=nano.specs -mfloat-abi=soft -mthumb -o "Application/Core/sys_app.o"
arm-none-eabi-gcc "C:/Users/Admin/STM32CubeIDE/workspace_1.19.0/i-cube_lrwan/STM32CubeExpansion_LRWAN_V2.1.0/Projects/NUCLEO-L053R8/Applications/LoRaWAN/LoRaWAN_AT_Master/Core/Src/sys_debug.c" -mcpu=cortex-m0plus -std=gnu11 -g3 -DUSE_HAL_DRIVER -DSTM32L053xx -DUSE_BAND_868 -DUSE_STM32L0XX_NUCLEO -DUSE_LRWAN_NS1 -DCMD_DEBUG -c -I../../../Core/Inc -I../../../LoRaWAN/App -I../../../../../../../../Drivers/STM32L0xx_HAL_Driver/Inc -I../../../../../../../../Drivers/STM32L0xx_HAL_Driver/Inc/Legacy -I../../../../../../../../Drivers/CMSIS/Include -I../../../../../../../../Drivers/CMSIS/Device/ST/STM32L0xx/Include -I../../../../../../../../Drivers/BSP/Components/Common -I../../../../../../../../Drivers/BSP/Components/hts221 -I../../../../../../../../Drivers/BSP/Components/lps25hb -I../../../../../../../../Drivers/BSP/Components/lps22hb -I../../../../../../../../Drivers/BSP/LRWAN_NS1 -I../../../../../../../../Drivers/BSP/STM32L0xx_Nucleo -I../../../../../../../../Utilities/lpm/tiny_lpm -I../../../../../../../../Utilities/misc -I../../../../../../../../Utilities/timer -Os -ffunction-sections -Wall -fstack-usage -fcyclomatic-complexity -MMD -MP -MF"Application/Core/sys_debug.d" -MT"Application/Core/sys_debug.o" --specs=nano.specs -mfloat-abi=soft -mthumb -o "Application/Core/sys_debug.o"
arm-none-eabi-gcc "C:/Users/Admin/STM32CubeIDE/workspace_1.19.0/i-cube_lrwan/STM32CubeExpansion_LRWAN_V2.1.0/Projects/NUCLEO-L053R8/Applications/LoRaWAN/LoRaWAN_AT_Master/Core/Src/sys_sensors.c" -mcpu=cortex-m0plus -std=gnu11 -g3 -DUSE_HAL_DRIVER -DSTM32L053xx -DUSE_BAND_868 -DUSE_STM32L0XX_NUCLEO -DUSE_LRWAN_NS1 -DCMD_DEBUG -c -I../../../Core/Inc -I../../../LoRaWAN/App -I../../../../../../../../Drivers/STM32L0xx_HAL_Driver/Inc -I../../../../../../../../Drivers/STM32L0xx_HAL_Driver/Inc/Legacy -I../../../../../../../../Drivers/CMSIS/Include -I../../../../../../../../Drivers/CMSIS/Device/ST/STM32L0xx/Include -I../../../../../../../../Drivers/BSP/Components/Common -I../../../../../../../../Drivers/BSP/Components/hts221 -I../../../../../../../../Drivers/BSP/Components/lps25hb -I../../../../../../../../Drivers/BSP/Components/lps22hb -I../../../../../../../../Drivers/BSP/LRWAN_NS1 -I../../../../../../../../Drivers/BSP/STM32L0xx_Nucleo -I../../../../../../../../Utilities/lpm/tiny_lpm -I../../../../../../../../Utilities/misc -I../../../../../../../../Utilities/timer -Os -ffunction-sections -Wall -fstack-usage -fcyclomatic-complexity -MMD -MP -MF"Application/Core/sys_sensors.d" -MT"Application/Core/sys_sensors.o" --specs=nano.specs -mfloat-abi=soft -mthumb -o "Application/Core/sys_sensors.o"
arm-none-eabi-gcc "C:/Users/Admin/STM32CubeIDE/workspace_1.19.0/i-cube_lrwan/STM32CubeExpansion_LRWAN_V2.1.0/Projects/NUCLEO-L053R8/Applications/LoRaWAN/LoRaWAN_AT_Master/Core/Src/usart.c" -mcpu=cortex-m0plus -std=gnu11 -g3 -DUSE_HAL_DRIVER -DSTM32L053xx -DUSE_BAND_868 -DUSE_STM32L0XX_NUCLEO -DUSE_LRWAN_NS1 -DCMD_DEBUG -c -I../../../Core/Inc -I../../../LoRaWAN/App -I../../../../../../../../Drivers/STM32L0xx_HAL_Driver/Inc -I../../../../../../../../Drivers/STM32L0xx_HAL_Driver/Inc/Legacy -I../../../../../../../../Drivers/CMSIS/Include -I../../../../../../../../Drivers/CMSIS/Device/ST/STM32L0xx/Include -I../../../../../../../../Drivers/BSP/Components/Common -I../../../../../../../../Drivers/BSP/Components/hts221 -I../../../../../../../../Drivers/BSP/Components/lps25hb -I../../../../../../../../Drivers/BSP/Components/lps22hb -I../../../../../../../../Drivers/BSP/LRWAN_NS1 -I../../../../../../../../Drivers/BSP/STM32L0xx_Nucleo -I../../../../../../../../Utilities/lpm/tiny_lpm -I../../../../../../../../Utilities/misc -I../../../../../../../../Utilities/timer -Os -ffunction-sections -Wall -fstack-usage -fcyclomatic-complexity -MMD -MP -MF"Application/Core/usart.d" -MT"Application/Core/usart.o" --specs=nano.specs -mfloat-abi=soft -mthumb -o "Application/Core/usart.o"
arm-none-eabi-gcc "C:/Users/Admin/STM32CubeIDE/workspace_1.19.0/i-cube_lrwan/STM32CubeExpansion_LRWAN_V2.1.0/Projects/NUCLEO-L053R8/Applications/LoRaWAN/LoRaWAN_AT_Master/LoRaWAN/App/app_master.c" -mcpu=cortex-m0plus -std=gnu11 -g3 -DUSE_HAL_DRIVER -DSTM32L053xx -DUSE_BAND_868 -DUSE_STM32L0XX_NUCLEO -DUSE_LRWAN_NS1 -DCMD_DEBUG -c -I../../../Core/Inc -I../../../LoRaWAN/App -I../../../../../../../../Drivers/STM32L0xx_HAL_Driver/Inc -I../../../../../../../../Drivers/STM32L0xx_HAL_Driver/Inc/Legacy -I../../../../../../../../Drivers/CMSIS/Include -I../../../../../../../../Drivers/CMSIS/Device/ST/STM32L0xx/Include -I../../../../../../../../Drivers/BSP/Components/Common -I../../../../../../../../Drivers/BSP/Components/hts221 -I../../../../../../../../Drivers/BSP/Components/lps25hb -I../../../../../../../../Drivers/BSP/Components/lps22hb -I../../../../../../../../Drivers/BSP/LRWAN_NS1 -I../../../../../../../../Drivers/BSP/STM32L0xx_Nucleo -I../../../../../../../../Utilities/lpm/tiny_lpm -I../../../../../../../../Utilities/misc -I../../../../../../../../Utilities/timer -Os -ffunction-sections -Wall -fstack-usage -fcyclomatic-complexity -MMD -MP -MF"Application/App/app_master.d" -MT"Application/App/app_master.o" --specs=nano.specs -mfloat-abi=soft -mthumb -o "Application/App/app_master.o"
arm-none-eabi-gcc "C:/Users/Admin/STM32CubeIDE/workspace_1.19.0/i-cube_lrwan/STM32CubeExpansion_LRWAN_V2.1.0/Projects/NUCLEO-L053R8/Applications/LoRaWAN/LoRaWAN_AT_Master/LoRaWAN/App/lora_driver.c" -mcpu=cortex-m0plus -std=gnu11 -g3 -DUSE_HAL_DRIVER -DSTM32L053xx -DUSE_BAND_868 -DUSE_STM32L0XX_NUCLEO -DUSE_LRWAN_NS1 -DCMD_DEBUG -c -I../../../Core/Inc -I../../../LoRaWAN/App -I../../../../../../../../Drivers/STM32L0xx_HAL_Driver/Inc -I../../../../../../../../Drivers/STM32L0xx_HAL_Driver/Inc/Legacy -I../../../../../../../../Drivers/CMSIS/Include -I../../../../../../../../Drivers/CMSIS/Device/ST/STM32L0xx/Include -I../../../../../../../../Drivers/BSP/Components/Common -I../../../../../../../../Drivers/BSP/Components/hts221 -I../../../../../../../../Drivers/BSP/Components/lps25hb -I../../../../../../../../Drivers/BSP/Components/lps22hb -I../../../../../../../../Drivers/BSP/LRWAN_NS1 -I../../../../../../../../Drivers/BSP/STM32L0xx_Nucleo -I../../../../../../../../Utilities/lpm/tiny_lpm -I../../../../../../../../Utilities/misc -I../../../../../../../../Utilities/timer -Os -ffunction-sections -Wall -fstack-usage -fcyclomatic-complexity -MMD -MP -MF"Application/App/lora_driver.d" -MT"Application/App/lora_driver.o" --specs=nano.specs -mfloat-abi=soft -mthumb -o "Application/App/lora_driver.o"
arm-none-eabi-gcc "C:/Users/Admin/STM32CubeIDE/workspace_1.19.0/i-cube_lrwan/STM32CubeExpansion_LRWAN_V2.1.0/Projects/NUCLEO-L053R8/Applications/LoRaWAN/LoRaWAN_AT_Master/LoRaWAN/App/master_app.c" -mcpu=cortex-m0plus -std=gnu11 -g3 -DUSE_HAL_DRIVER -DSTM32L053xx -DUSE_BAND_868 -DUSE_STM32L0XX_NUCLEO -DUSE_LRWAN_NS1 -DCMD_DEBUG -c -I../../../Core/Inc -I../../../LoRaWAN/App -I../../../../../../../../Drivers/STM32L0xx_HAL_Driver/Inc -I../../../../../../../../Drivers/STM32L0xx_HAL_Driver/Inc/Legacy -I../../../../../../../../Drivers/CMSIS/Include -I../../../../../../../../Drivers/CMSIS/Device/ST/STM32L0xx/Include -I../../../../../../../../Drivers/BSP/Components/Common -I../../../../../../../../Drivers/BSP/Components/hts221 -I../../../../../../../../Drivers/BSP/Components/lps25hb -I../../../../../../../../Drivers/BSP/Components/lps22hb -I../../../../../../../../Drivers/BSP/LRWAN_NS1 -I../../../../../../../../Drivers/BSP/STM32L0xx_Nucleo -I../../../../../../../../Utilities/lpm/tiny_lpm -I../../../../../../../../Utilities/misc -I../../../../../../../../Utilities/timer -Os -ffunction-sections -Wall -fstack-usage -fcyclomatic-complexity -MMD -MP -MF"Application/App/master_app.d" -MT"Application/App/master_app.o" --specs=nano.specs -mfloat-abi=soft -mthumb -o "Application/App/master_app.o"
arm-none-eabi-gcc -o "LRWAN_NS1.elf" @"objects.list"   -mcpu=cortex-m0plus -T"../STM32L053R8Tx_FLASH.ld" --specs=nosys.specs -Wl,-Map="LRWAN_NS1.map" -Wl,--gc-sections -static --specs=nano.specs -mfloat-abi=soft -mthumb -Wl,--start-group -lc -lm -Wl,--end-group
C:/ST/STM32CubeIDE_2.0.0/STM32CubeIDE/plugins/com.st.stm32cube.ide.mcu.externaltools.gnu-tools-for-stm32.13.3.rel1.win32_1.0.100.202509120712/tools/bin/../lib/gcc/arm-none-eabi/13.3.1/../../../../arm-none-eabi/bin/ld.exe: warning: LRWAN_NS1.elf has a LOAD segment with RWX permissions
Finished building target: LRWAN_NS1.elf
 
arm-none-eabi-size  LRWAN_NS1.elf 
   text	   data	    bss	    dec	    hex	filename
  39048	    132	   5196	  44376	   ad58	LRWAN_NS1.elf
Finished building: default.size.stdout
 
arm-none-eabi-objdump -h -S LRWAN_NS1.elf  > "LRWAN_NS1.list"
Finished building: LRWAN_NS1.list
 
arm-none-eabi-objcopy  -O binary LRWAN_NS1.elf  "LRWAN_NS1.bin"
Finished building: LRWAN_NS1.bin
 

23:47:20 Build Finished. 0 errors, 1 warnings. (took 34s.3ms)

